 viptraffic_win_sfun

 Timestamp is 55385945 (Thu Apr 23 10:30:29 2015)

 Preferred load address is 0000000180000000

 Start         Length     Name                   Class
 0001:00000000 00011caeH .text                   CODE
 0001:00011cb0 0000007bH .text$x                 CODE
 0002:00000000 00000488H .idata$5                DATA
 0002:00000488 00000008H .CRT$XCA                DATA
 0002:00000490 00000008H .CRT$XCZ                DATA
 0002:00000498 00000008H .CRT$XIA                DATA
 0002:000004a0 00000008H .CRT$XIAA               DATA
 0002:000004a8 00000008H .CRT$XIC                DATA
 0002:000004b0 00000008H .CRT$XIZ                DATA
 0002:000004c0 00000780H .rdata                  DATA
 0002:00000c40 00000008H .rtc$IAA                DATA
 0002:00000c48 00000008H .rtc$IZZ                DATA
 0002:00000c50 00000008H .rtc$TAA                DATA
 0002:00000c58 00000008H .rtc$TZZ                DATA
 0002:00000c60 000008d8H .xdata                  DATA
 0002:00001538 0000008cH .idata$2                DATA
 0002:000015c4 00000014H .idata$3                DATA
 0002:000015d8 00000488H .idata$4                DATA
 0002:00001a60 00000d40H .idata$6                DATA
 0002:000027a0 00000059H .edata                  DATA
 0003:00000000 00001e94H .data                   DATA
 0003:00001ea0 000006d8H .bss                    DATA
 0004:00000000 00000a5cH .pdata                  DATA

  Address         Publics by Value              Rva+Base               Lib:Object

 0000:00000000       ___safe_se_handler_count   0000000000000000     <absolute>
 0000:00000000       ___safe_se_handler_table   0000000000000000     <absolute>
 0000:00000000       __ImageBase                0000000180000000     <linker-defined>
 0001:00000000       viptraffic_win_initializer 0000000180001000 f   viptraffic_win_sfun.obj
 0001:00000010       viptraffic_win_terminator  0000000180001010 f   viptraffic_win_sfun.obj
 0001:00000020       load_viptraffic_win_optimization_info 0000000180001020 f   viptraffic_win_sfun.obj
 0001:00000070       unload_viptraffic_win_optimization_info 0000000180001070 f   viptraffic_win_sfun.obj
 0001:000000a0       sf_viptraffic_win_method_dispatcher 00000001800010a0 f   viptraffic_win_sfun.obj
 0001:00000110       sf_viptraffic_win_uses_exported_functions 0000000180001110 f   viptraffic_win_sfun.obj
 0001:00000150       sf_viptraffic_win_process_check_sum_call 0000000180001150 f   viptraffic_win_sfun.obj
 0001:000007f0       sf_viptraffic_win_autoinheritance_info 00000001800017f0 f   viptraffic_win_sfun.obj
 0001:00000a30       sf_viptraffic_win_get_eml_resolved_functions_info 0000000180001a30 f   viptraffic_win_sfun.obj
 0001:00000be0       sf_viptraffic_win_third_party_uses_info 0000000180001be0 f   viptraffic_win_sfun.obj
 0001:00000de0       sf_viptraffic_win_jit_fallback_info 0000000180001de0 f   viptraffic_win_sfun.obj
 0001:00000fe0       sf_viptraffic_win_updateBuildInfo_args_info 0000000180001fe0 f   viptraffic_win_sfun.obj
 0001:000011e0       sf_viptraffic_win_get_post_codegen_info 00000001800021e0 f   viptraffic_win_sfun.obj
 0001:00001330       viptraffic_win_debug_initialize 0000000180002330 f   viptraffic_win_sfun.obj
 0001:000013b0       viptraffic_win_register_exported_symbols 00000001800023b0 f   viptraffic_win_sfun.obj
 0001:000013c0       sf_c2_viptraffic_win_get_eml_resolved_functions_info 00000001800023c0 f   c2_viptraffic_win.obj
 0001:00001440       sf_c2_viptraffic_win_get_check_sum 0000000180002440 f   c2_viptraffic_win.obj
 0001:00001510       c2_viptraffic_win_method_dispatcher 0000000180002510 f   c2_viptraffic_win.obj
 0001:00004bc0       sf_c2_viptraffic_win_get_post_codegen_info 0000000180005bc0 f   c2_viptraffic_win.obj
 0001:00004c90       sf_c2_viptraffic_win_get_autoinheritance_info 0000000180005c90 f   c2_viptraffic_win.obj
 0001:00005270       sf_c2_viptraffic_win_third_party_uses_info 0000000180006270 f   c2_viptraffic_win.obj
 0001:000052a0       sf_c2_viptraffic_win_jit_fallback_info 00000001800062a0 f   c2_viptraffic_win.obj
 0001:00005390       sf_c2_viptraffic_win_updateBuildInfo_args_info 0000000180006390 f   c2_viptraffic_win.obj
 0001:000069d0       sf_c3_viptraffic_win_get_eml_resolved_functions_info 00000001800079d0 f   c3_viptraffic_win.obj
 0001:00006a50       sf_c3_viptraffic_win_get_check_sum 0000000180007a50 f   c3_viptraffic_win.obj
 0001:00006b20       c3_viptraffic_win_method_dispatcher 0000000180007b20 f   c3_viptraffic_win.obj
 0001:00008360       sf_c3_viptraffic_win_get_post_codegen_info 0000000180009360 f   c3_viptraffic_win.obj
 0001:00008430       sf_c3_viptraffic_win_get_autoinheritance_info 0000000180009430 f   c3_viptraffic_win.obj
 0001:00008a10       sf_c3_viptraffic_win_third_party_uses_info 0000000180009a10 f   c3_viptraffic_win.obj
 0001:00008a40       sf_c3_viptraffic_win_jit_fallback_info 0000000180009a40 f   c3_viptraffic_win.obj
 0001:00008b30       sf_c3_viptraffic_win_updateBuildInfo_args_info 0000000180009b30 f   c3_viptraffic_win.obj
 0001:0000a0a0       mexFunction                000000018000b0a0 f   viptraffic_win_sfun_registry.obj
 0001:0000b240       _ssSetInputPortDirectFeedThroughFcn 000000018000c240 f   viptraffic_win_sfun_registry.obj
 0001:0000b3a0       _ssGetInputPortSignalPtrsFcn 000000018000c3a0 f   viptraffic_win_sfun_registry.obj
 0001:0000b5c0       _ssGetInputPortSignalFcn   000000018000c5c0 f   viptraffic_win_sfun_registry.obj
 0001:0000b7e0       _ssSetInputPortReusableFcn 000000018000c7e0 f   viptraffic_win_sfun_registry.obj
 0001:0000b8c0       _ssSetOutputPortReusableFcn 000000018000c8c0 f   viptraffic_win_sfun_registry.obj
 0001:0000b9a0       ssGetIsZeroCrossControlDisabled 000000018000c9a0 f   viptraffic_win_sfun_registry.obj
 0001:0000ba10       ssSetIsInputPortUsedForContZcSignal 000000018000ca10 f   viptraffic_win_sfun_registry.obj
 0001:0000ba80       ssSetZcSignalIsZcElementDisc 000000018000ca80 f   viptraffic_win_sfun_registry.obj
 0001:0000bb30       ssSetZcSignalName          000000018000cb30 f   viptraffic_win_sfun_registry.obj
 0001:0000bba0       ssSetZcSignalWidth         000000018000cba0 f   viptraffic_win_sfun_registry.obj
 0001:0000bc10       ssSetZcSignalZcEventType   000000018000cc10 f   viptraffic_win_sfun_registry.obj
 0001:0000bc80       ssSetZcSignalType          000000018000cc80 f   viptraffic_win_sfun_registry.obj
 0001:0000bcf0       ssSetZcSignalZcTol         000000018000ccf0 f   viptraffic_win_sfun_registry.obj
 0001:0000bd60       ssSetZcSignalNeedsEventNotification 000000018000cd60 f   viptraffic_win_sfun_registry.obj
 0001:0000bdd0       ssCreateAndAddZcSignalInfo 000000018000cdd0 f   viptraffic_win_sfun_registry.obj
 0001:0000be40       ssCloneAndAddZcSignalInfo  000000018000ce40 f   viptraffic_win_sfun_registry.obj
 0001:0000beb0       ssGetNumZcSignals          000000018000ceb0 f   viptraffic_win_sfun_registry.obj
 0001:0000bf20       ssGetZcSignalVector        000000018000cf20 f   viptraffic_win_sfun_registry.obj
 0001:0000bf90       ssGetZcSignalName          000000018000cf90 f   viptraffic_win_sfun_registry.obj
 0001:0000c000       ssGetZcSignalWidth         000000018000d000 f   viptraffic_win_sfun_registry.obj
 0001:0000c070       ssGetZcSignalZcEventType   000000018000d070 f   viptraffic_win_sfun_registry.obj
 0001:0000c0e0       ssGetZcSignalZcEvents      000000018000d0e0 f   viptraffic_win_sfun_registry.obj
 0001:0000c150       ssGetZcSignalType          000000018000d150 f   viptraffic_win_sfun_registry.obj
 0001:0000c1c0       ssGetZcSignalZcTol         000000018000d1c0 f   viptraffic_win_sfun_registry.obj
 0001:0000c240       ssGetZcSignalNeedsEventNotification 000000018000d240 f   viptraffic_win_sfun_registry.obj
 0001:0000c2b0       ssGetZcSignalIsZcElementDisc 000000018000d2b0 f   viptraffic_win_sfun_registry.obj
 0001:0000c350       ssGetIsInputPortElementContinuous 000000018000d350 f   viptraffic_win_sfun_registry.obj
 0001:0000c3f0       ssGetDTypeIdFromMxArray    000000018000d3f0 f   viptraffic_win_sfun_registry.obj
 0001:0000c510       ssWriteRTWStr              000000018000d510 f   viptraffic_win_sfun_registry.obj
 0001:0000c570       ssWriteRTWNameValuePair    000000018000d570 f   viptraffic_win_sfun_registry.obj
 0001:0000ca70       ssWriteRTWParamSettings    000000018000da70 f   viptraffic_win_sfun_registry.obj
 0001:0000d160       ssWriteRTWParameters       000000018000e160 f   viptraffic_win_sfun_registry.obj
 0001:0000d730       ssWriteRTWWorkVect         000000018000e730 f   viptraffic_win_sfun_registry.obj
 0001:0000dc20       ssWriteRTWMxVectParam      000000018000ec20 f   viptraffic_win_sfun_registry.obj
 0001:0000dca0       ssWriteRTWMx2dMatParam     000000018000eca0 f   viptraffic_win_sfun_registry.obj
 0001:0000dd30       _ssSetInputPortMatrixDimensions 000000018000ed30 f   viptraffic_win_sfun_registry.obj
 0001:0000de30       _ssSetOutputPortMatrixDimensions 000000018000ee30 f   viptraffic_win_sfun_registry.obj
 0001:0000df30       _ssSetInputPortVectorDimension 000000018000ef30 f   viptraffic_win_sfun_registry.obj
 0001:0000dfe0       _ssSetOutputPortVectorDimension 000000018000efe0 f   viptraffic_win_sfun_registry.obj
 0001:0000e090       ssIsRunTimeParamTunable    000000018000f090 f   viptraffic_win_sfun_registry.obj
 0001:0000e100       ssGetSFuncBlockHandle      000000018000f100 f   viptraffic_win_sfun_registry.obj
 0001:0000e170       _ssGetCurrentInputPortWidth 000000018000f170 f   viptraffic_win_sfun_registry.obj
 0001:0000e290       _ssGetCurrentOutputPortWidth 000000018000f290 f   viptraffic_win_sfun_registry.obj
 0001:0000e3b0       _ssGetCallSystemNumFcnCallDestinations 000000018000f3b0 f   viptraffic_win_sfun_registry.obj
 0001:0000e420       ssWarning                  000000018000f420 f   viptraffic_win_sfun_registry.obj
 0001:0000e510       _ssGetAbsTol               000000018000f510 f   viptraffic_win_sfun_registry.obj
 0001:0000e580       _ssSetStateAbsTol          000000018000f580 f   viptraffic_win_sfun_registry.obj
 0001:0000e660       sf_process_check_sum_call  000000018000f660 f   viptraffic_win_sfun_registry.obj
 0001:0000e6b0       sf_process_machine_uses_exported_functions_call 000000018000f6b0 f   viptraffic_win_sfun_registry.obj
 0001:0000e860       sf_process_autoinheritance_call 000000018000f860 f   viptraffic_win_sfun_registry.obj
 0001:0000ea90       sf_process_get_third_party_uses_info_call 000000018000fa90 f   viptraffic_win_sfun_registry.obj
 0001:0000ecc0       sf_process_get_jit_fallback_info_call 000000018000fcc0 f   viptraffic_win_sfun_registry.obj
 0001:0000eef0       sf_process_get_updateBuildInfo_args_info_call 000000018000fef0 f   viptraffic_win_sfun_registry.obj
 0001:0000f120       sf_process_get_eml_resolved_functions_info_call 0000000180010120 f   viptraffic_win_sfun_registry.obj
 0001:0000f320       sf_process_get_post_codegen_info 0000000180010320 f   viptraffic_win_sfun_registry.obj
 0001:0000f4d0       sf_mex_unlock_call         00000001800104d0 f   viptraffic_win_sfun_registry.obj
 0001:0000f7b0       sf_machine_global_initializer_called 00000001800107b0 f   viptraffic_win_sfun_registry.obj
 0001:0000f7e0       sf_machine_global_method_dispatcher 00000001800107e0 f   viptraffic_win_sfun_registry.obj
 0001:0000f840       sf_machine_global_terminator 0000000180010840 f   viptraffic_win_sfun_registry.obj
 0001:0000f890       sf_register_machine_exported_symbols 0000000180010890 f   viptraffic_win_sfun_registry.obj
 0001:0000f8b0       callCustomFcn              00000001800108b0 f   viptraffic_win_sfun_registry.obj
 0001:0000f8c0       sf_machine_global_initializer 00000001800108c0 f   viptraffic_win_sfun_registry.obj
 0001:0000f980       mdlGetSimState             0000000180010980 f   viptraffic_win_sfun_registry.obj
 0001:0000f9c0       mdlSetSimState             00000001800109c0 f   viptraffic_win_sfun_registry.obj
 0001:00010190       ProcessMexSfunctionEveryCall 0000000180011190 f   viptraffic_win_sfun_registry.obj
 0001:00010e04       sf_load_rtw_optimization_info 0000000180011e04 f   sf_runtime:sf_runtime.dll
 0001:00010e0a       sf_debug_initialize_machine 0000000180011e0a f   sf_runtime:sf_runtime.dll
 0001:00010e10       sf_debug_set_machine_event_thresholds 0000000180011e10 f   sf_runtime:sf_runtime.dll
 0001:00010e16       sf_debug_set_machine_data_thresholds 0000000180011e16 f   sf_runtime:sf_runtime.dll
 0001:00010e1c       sf_rtw_info_uint_prop      0000000180011e1c f   sf_runtime:sf_runtime.dll
 0001:00010e22       sf_update_buildInfo        0000000180011e22 f   sf_runtime:sf_runtime.dll
 0001:00010e28       sf_is_chart_inlinable      0000000180011e28 f   sf_runtime:sf_runtime.dll
 0001:00010e2e       sf_mark_chart_reusable_outputs 0000000180011e2e f   sf_runtime:sf_runtime.dll
 0001:00010e34       sf_mark_chart_expressionable_inputs 0000000180011e34 f   sf_runtime:sf_runtime.dll
 0001:00010e3a       sim_mode_is_rtw_gen        0000000180011e3a f   sf_runtime:sf_runtime.dll
 0001:00010e40       sim_mode_is_external       0000000180011e40 f   sf_runtime:sf_runtime.dll
 0001:00010e46       sf_mex_get_sfun_param      0000000180011e46 f   sf_runtime:sf_runtime.dll
 0001:00010e4c       sf_clear_rtw_identifier    0000000180011e4c f   sf_runtime:sf_runtime.dll
 0001:00010e52       sf_set_rtw_dwork_info      0000000180011e52 f   sf_runtime:sf_runtime.dll
 0001:00010e58       sf_get_time                0000000180011e58 f   sf_runtime:sf_runtime.dll
 0001:00010e5e       sf_mex_call_debug          0000000180011e5e f   sf_runtime:sf_runtime.dll
 0001:00010e64       sf_mex_error_message       0000000180011e64 f   sf_runtime:sf_runtime.dll
 0001:00010e6a       sf_mex_create              0000000180011e6a f   sf_runtime:sf_runtime.dll
 0001:00010e70       sf_mex_createcellmatrix    0000000180011e70 f   sf_runtime:sf_runtime.dll
 0001:00010e76       sf_mex_setcell             0000000180011e76 f   sf_runtime:sf_runtime.dll
 0001:00010e7c       sf_mex_getcell             0000000180011e7c f   sf_runtime:sf_runtime.dll
 0001:00010e82       sf_mex_assign              0000000180011e82 f   sf_runtime:sf_runtime.dll
 0001:00010e88       sf_mex_dup                 0000000180011e88 f   sf_runtime:sf_runtime.dll
 0001:00010e8e       sf_mex_destroy             0000000180011e8e f   sf_runtime:sf_runtime.dll
 0001:00010e94       sf_mex_import              0000000180011e94 f   sf_runtime:sf_runtime.dll
 0001:00010e9a       sf_mex_import_named        0000000180011e9a f   sf_runtime:sf_runtime.dll
 0001:00010ea0       sf_mex_import_vs           0000000180011ea0 f   sf_runtime:sf_runtime.dll
 0001:00010ea6       sf_mex_decode_encoded_mx_struct_array 0000000180011ea6 f   sf_runtime:sf_runtime.dll
 0001:00010eac       ssGetCurrentInputPortDimensions_wrapper 0000000180011eac f   sf_runtime:sf_runtime.dll
 0001:00010eb2       ssGetCurrentOutputPortDimensions_wrapper 0000000180011eb2 f   sf_runtime:sf_runtime.dll
 0001:00010eb8       ssSetCurrentOutputPortDimensions_wrapper 0000000180011eb8 f   sf_runtime:sf_runtime.dll
 0001:00010ebe       ssGetInputPortSignal_wrapper 0000000180011ebe f   sf_runtime:sf_runtime.dll
 0001:00010ec4       ssGetOutputPortSignal_wrapper 0000000180011ec4 f   sf_runtime:sf_runtime.dll
 0001:00010eca       sf_debug_initialize_chart  0000000180011eca f   sf_runtime:sf_runtime.dll
 0001:00010ed0       sf_debug_call              0000000180011ed0 f   sf_runtime:sf_runtime.dll
 0001:00010ed6       eml_debug_line_call        0000000180011ed6 f   sf_runtime:sf_runtime.dll
 0001:00010edc       cv_eml_eval                0000000180011edc f   sf_runtime:sf_runtime.dll
 0001:00010ee2       cv_eml_init_script         0000000180011ee2 f   sf_runtime:sf_runtime.dll
 0001:00010ee8       cv_eml_init_fcn            0000000180011ee8 f   sf_runtime:sf_runtime.dll
 0001:00010eee       cv_eml_init_saturation     0000000180011eee f   sf_runtime:sf_runtime.dll
 0001:00010ef4       sf_debug_reset_current_state_configuration 0000000180011ef4 f   sf_runtime:sf_runtime.dll
 0001:00010efa       sf_debug_check_for_state_inconsistency 0000000180011efa f   sf_runtime:sf_runtime.dll
 0001:00010f00       sf_debug_set_chart_data_props 0000000180011f00 f   sf_runtime:sf_runtime.dll
 0001:00010f06       sf_debug_set_chart_data_compiled_props 0000000180011f06 f   sf_runtime:sf_runtime.dll
 0001:00010f0c       sf_debug_symbol_scope_push 0000000180011f0c f   sf_runtime:sf_runtime.dll
 0001:00010f12       sf_debug_symbol_scope_push_eml 0000000180011f12 f   sf_runtime:sf_runtime.dll
 0001:00010f18       sf_debug_symbol_scope_pop  0000000180011f18 f   sf_runtime:sf_runtime.dll
 0001:00010f1e       sf_debug_symbol_scope_add_eml 0000000180011f1e f   sf_runtime:sf_runtime.dll
 0001:00010f24       sf_debug_symbol_scope_add_eml_importable 0000000180011f24 f   sf_runtime:sf_runtime.dll
 0001:00010f2a       sf_debug_symbol_scope_add_eml_dyn 0000000180011f2a f   sf_runtime:sf_runtime.dll
 0001:00010f30       sf_debug_symbol_scope_add_eml_dyn_importable 0000000180011f30 f   sf_runtime:sf_runtime.dll
 0001:00010f36       sf_debug_set_instance_data_value_ptr 0000000180011f36 f   sf_runtime:sf_runtime.dll
 0001:00010f3c       sf_debug_set_chart_disable_implicit_casting 0000000180011f3c f   sf_runtime:sf_runtime.dll
 0001:00010f42       sf_debug_set_chart_event_thresholds 0000000180011f42 f   sf_runtime:sf_runtime.dll
 0001:00010f48       sf_debug_set_chart_state_info 0000000180011f48 f   sf_runtime:sf_runtime.dll
 0001:00010f4e       sf_debug_set_chart_decomposition 0000000180011f4e f   sf_runtime:sf_runtime.dll
 0001:00010f54       sf_debug_set_chart_substate_count 0000000180011f54 f   sf_runtime:sf_runtime.dll
 0001:00010f5a       sf_debug_data_range_error_wrapper_max 0000000180011f5a f   sf_runtime:sf_runtime.dll
 0001:00010f60       sf_debug_size_eq_check_nd  0000000180011f60 f   sf_runtime:sf_runtime.dll
 0001:00010f66       sf_debug_dim_size_geq_check 0000000180011f66 f   sf_runtime:sf_runtime.dll
 0001:00010f6c       sf_debug_eml_data_array_bounds_error_check 0000000180011f6c f   sf_runtime:sf_runtime.dll
 0001:00010f72       sf_debug_data_range_wrapper 0000000180011f72 f   sf_runtime:sf_runtime.dll
 0001:00010f78       cv_eval_saturation         0000000180011f78 f   sf_runtime:sf_runtime.dll
 0001:00010f7e       sf_debug_cv_init_trans     0000000180011f7e f   sf_runtime:sf_runtime.dll
 0001:00010f84       sf_debug_cv_init_chart     0000000180011f84 f   sf_runtime:sf_runtime.dll
 0001:00010f8a       sf_debug_cv_init_state     0000000180011f8a f   sf_runtime:sf_runtime.dll
 0001:00010f90       callMdlMethodAndReportError 0000000180011f90 f   sf_runtime:sf_runtime.dll
 0001:00010f96       call_sf_machine_global_method_dispatcher 0000000180011f96 f   sf_runtime:sf_runtime.dll
 0001:00010f9c       sf_mex_error_direct_call   0000000180011f9c f   sf_runtime:sf_runtime.dll
 0001:00010fa2       sf_clear_error_manager_info 0000000180011fa2 f   sf_runtime:sf_runtime.dll
 0001:00010fa8       sf_debug_create_debug_instance_struct 0000000180011fa8 f   sf_runtime:sf_runtime.dll
 0001:00010fae       sf_debug_terminate         0000000180011fae f   sf_runtime:sf_runtime.dll
 0001:00010fb4       sf_debug_api               0000000180011fb4 f   sf_runtime:sf_runtime.dll
 0001:00010fba       mxIsChar                   0000000180011fba f   libmx:libmx.dll
 0001:00010fc0       mxGetPr                    0000000180011fc0 f   libmx:libmx.dll
 0001:00010fc6       mxGetScalar                0000000180011fc6 f   libmx:libmx.dll
 0001:00010fcc       mxDestroyArray             0000000180011fcc f   libmx:libmx.dll
 0001:00010fd2       mxCreateDoubleMatrix_730   0000000180011fd2 f   libmx:libmx.dll
 0001:00010fd8       mxCreateLogicalScalar      0000000180011fd8 f   libmx:libmx.dll
 0001:00010fde       mxGetString_730            0000000180011fde f   libmx:libmx.dll
 0001:00010fe4       mxDuplicateArray           0000000180011fe4 f   libmx:libmx.dll
 0001:00010fea       mxSetField_730             0000000180011fea f   libmx:libmx.dll
 0001:00010ff0       mxCreateDoubleScalar       0000000180011ff0 f   libmx:libmx.dll
 0001:00010ff6       mxCreateString             0000000180011ff6 f   libmx:libmx.dll
 0001:00010ffc       mxCreateCellMatrix_730     0000000180011ffc f   libmx:libmx.dll
 0001:00011002       mxCreateCellArray_730      0000000180012002 f   libmx:libmx.dll
 0001:00011008       mxCreateStructMatrix_730   0000000180012008 f   libmx:libmx.dll
 0001:0001100e       mxCreateStructArray_730    000000018001200e f   libmx:libmx.dll
 0001:00011014       mxCalloc                   0000000180012014 f   libmx:libmx.dll
 0001:0001101a       mxGetM                     000000018001201a f   libmx:libmx.dll
 0001:00011020       mxGetClassID               0000000180012020 f   libmx:libmx.dll
 0001:00011026       mxIsNumeric                0000000180012026 f   libmx:libmx.dll
 0001:0001102c       mxIsComplex                000000018001202c f   libmx:libmx.dll
 0001:00011032       mxGetN                     0000000180012032 f   libmx:libmx.dll
 0001:00011038       mexMakeArrayPersistent     0000000180012038 f   libmex:libmex.dll
 0001:0001103e       mexErrMsgTxt               000000018001203e f   libmex:libmex.dll
 0001:00011044       mexWarnMsgTxt              0000000180012044 f   libmex:libmex.dll
 0001:0001104a       mexCallMATLABWithObject    000000018001204a f   libmex:libmex.dll
 0001:00011050       mexLock                    0000000180012050 f   libmex:libmex.dll
 0001:00011056       mexUnlock                  0000000180012056 f   libmex:libmex.dll
 0001:0001105c       mexIsLocked                000000018001205c f   libmex:libmex.dll
 0001:00011062       utMalloc                   0000000180012062 f   libut:libut.dll
 0001:00011068       utFree                     0000000180012068 f   libut:libut.dll
 0001:0001106e       muDoubleScalarRound        000000018001206e f   libmwmathutil:libmwmathutil.dll
 0001:00011074       __raise_securityfailure    0000000180012074 f   MSVCRT:gs_report.obj
 0001:000110c0       __report_gsfailure         00000001800120c0 f   MSVCRT:gs_report.obj
 0001:00011194       __report_rangecheckfailure 0000000180012194 f   MSVCRT:gs_report.obj
 0001:000111a8       __report_securityfailure   00000001800121a8 f   MSVCRT:gs_report.obj
 0001:00011244       __report_securityfailureEx 0000000180012244 f   MSVCRT:gs_report.obj
 0001:00011352       strcmp                     0000000180012352 f   MSVCRT:MSVCR110.dll
 0001:00011358       __GSHandlerCheck           0000000180012358 f   MSVCRT:gshandler.obj
 0001:00011378       __GSHandlerCheckCommon     0000000180012378 f   MSVCRT:gshandler.obj
 0001:000113f0       __security_check_cookie    00000001800123f0 f   MSVCRT:amdsecgs.obj
 0001:00011410       memset                     0000000180012410 f   MSVCRT:MSVCR110.dll
 0001:00011430       _alloca_probe              0000000180012430     MSVCRT:chkstk.obj
 0001:00011430       __chkstk                   0000000180012430 f   MSVCRT:chkstk.obj
 0001:0001147e       memcpy                     000000018001247e f   MSVCRT:MSVCR110.dll
 0001:00011484       strcat                     0000000180012484 f   MSVCRT:MSVCR110.dll
 0001:0001148a       strlen                     000000018001248a f   MSVCRT:MSVCR110.dll
 0001:00011490       sprintf                    0000000180012490 f   MSVCRT:MSVCR110.dll
 0001:00011496       free                       0000000180012496 f   MSVCRT:MSVCR110.dll
 0001:0001149c       malloc                     000000018001249c f   MSVCRT:MSVCR110.dll
 0001:00011504       NtCurrentTeb               0000000180012504 f i MSVCRT:crtdll.obj
 0001:00011510       _CRT_INIT                  0000000180012510 f   MSVCRT:crtdll.obj
 0001:0001175c       _DllMainCRTStartup         000000018001275c f   MSVCRT:crtdll.obj
 0001:000118d2       __crt_debugger_hook        00000001800128d2 f   MSVCRT:MSVCR110.dll
 0001:000118d8       __crtUnhandledException    00000001800128d8 f   MSVCRT:MSVCR110.dll
 0001:000118de       __crtTerminateProcess      00000001800128de f   MSVCRT:MSVCR110.dll
 0001:000118e4       __crtCaptureCurrentContext 00000001800128e4 f   MSVCRT:MSVCR110.dll
 0001:000118ea       __crtCapturePreviousContext 00000001800128ea f   MSVCRT:MSVCR110.dll
 0001:000118f0       __CppXcptFilter            00000001800128f0 f   MSVCRT:MSVCR110.dll
 0001:000118f6       _amsg_exit                 00000001800128f6 f   MSVCRT:MSVCR110.dll
 0001:00011900       _FindPESection             0000000180012900 f   MSVCRT:pesect.obj
 0001:00011950       _IsNonwritableInCurrentImage 0000000180012950 f   MSVCRT:pesect.obj
 0001:000119a0       _ValidateImageBase         00000001800129a0 f   MSVCRT:pesect.obj
 0001:000119d0       __atonexitinit             00000001800129d0 f   MSVCRT:atonexit.obj
 0001:00011a20       _onexit                    0000000180012a20 f   MSVCRT:atonexit.obj
 0001:00011ad0       atexit                     0000000180012ad0 f   MSVCRT:atonexit.obj
 0001:00011ae8       __security_init_cookie     0000000180012ae8 f   MSVCRT:gs_support.obj
 0001:00011ba0       DllMain                    0000000180012ba0 f   MSVCRT:dllmain.obj
 0001:00011bc4       _malloc_crt                0000000180012bc4 f   MSVCRT:MSVCR110.dll
 0001:00011bcc       _RTC_Initialize            0000000180012bcc f   MSVCRT:initsect.obj
 0001:00011c04       _RTC_Terminate             0000000180012c04 f   MSVCRT:initsect.obj
 0001:00011c3c       _initterm                  0000000180012c3c f   MSVCRT:MSVCR110.dll
 0001:00011c42       _initterm_e                0000000180012c42 f   MSVCRT:MSVCR110.dll
 0001:00011c48       __clean_type_info_names    0000000180012c48 f   MSVCRT:tncleanup.obj
 0001:00011c54       __C_specific_handler       0000000180012c54 f   MSVCRT:MSVCR110.dll
 0001:00011c5a       _lock                      0000000180012c5a f   MSVCRT:MSVCR110.dll
 0001:00011c60       _unlock                    0000000180012c60 f   MSVCRT:MSVCR110.dll
 0001:00011c66       _calloc_crt                0000000180012c66 f   MSVCRT:MSVCR110.dll
 0001:00011c6c       __dllonexit                0000000180012c6c f   MSVCRT:MSVCR110.dll
 0001:00011c72       __clean_type_info_names_internal 0000000180012c72 f   MSVCRT:MSVCR110.dll
 0001:00011c78       IsDebuggerPresent          0000000180012c78 f   kernel32:KERNEL32.dll
 0001:00011c7e       IsProcessorFeaturePresent  0000000180012c7e f   kernel32:KERNEL32.dll
 0001:00011c84       EncodePointer              0000000180012c84 f   kernel32:KERNEL32.dll
 0001:00011c8a       DecodePointer              0000000180012c8a f   kernel32:KERNEL32.dll
 0001:00011c90       QueryPerformanceCounter    0000000180012c90 f   kernel32:KERNEL32.dll
 0001:00011c96       GetCurrentThreadId         0000000180012c96 f   kernel32:KERNEL32.dll
 0001:00011c9c       GetSystemTimeAsFileTime    0000000180012c9c f   kernel32:KERNEL32.dll
 0001:00011ca2       GetTickCount64             0000000180012ca2 f   kernel32:KERNEL32.dll
 0001:00011ca8       DisableThreadLibraryCalls  0000000180012ca8 f   kernel32:KERNEL32.dll
 0002:00000000       __imp_GetTickCount64       0000000180013000     kernel32:KERNEL32.dll
 0002:00000008       __imp_GetSystemTimeAsFileTime 0000000180013008     kernel32:KERNEL32.dll
 0002:00000010       __imp_GetCurrentThreadId   0000000180013010     kernel32:KERNEL32.dll
 0002:00000018       __imp_QueryPerformanceCounter 0000000180013018     kernel32:KERNEL32.dll
 0002:00000020       __imp_DecodePointer        0000000180013020     kernel32:KERNEL32.dll
 0002:00000028       __imp_EncodePointer        0000000180013028     kernel32:KERNEL32.dll
 0002:00000030       __imp_IsProcessorFeaturePresent 0000000180013030     kernel32:KERNEL32.dll
 0002:00000038       __imp_IsDebuggerPresent    0000000180013038     kernel32:KERNEL32.dll
 0002:00000040       __imp_DisableThreadLibraryCalls 0000000180013040     kernel32:KERNEL32.dll
 0002:00000048       \177KERNEL32_NULL_THUNK_DATA 0000000180013048     kernel32:KERNEL32.dll
 0002:00000050       __imp___clean_type_info_names_internal 0000000180013050     MSVCRT:MSVCR110.dll
 0002:00000058       __imp__onexit              0000000180013058     MSVCRT:MSVCR110.dll
 0002:00000060       __imp___dllonexit          0000000180013060     MSVCRT:MSVCR110.dll
 0002:00000068       __imp__calloc_crt          0000000180013068     MSVCRT:MSVCR110.dll
 0002:00000070       __imp__unlock              0000000180013070     MSVCRT:MSVCR110.dll
 0002:00000078       __imp__lock                0000000180013078     MSVCRT:MSVCR110.dll
 0002:00000080       __imp___C_specific_handler 0000000180013080     MSVCRT:MSVCR110.dll
 0002:00000088       __imp__initterm_e          0000000180013088     MSVCRT:MSVCR110.dll
 0002:00000090       __imp__initterm            0000000180013090     MSVCRT:MSVCR110.dll
 0002:00000098       __imp__malloc_crt          0000000180013098     MSVCRT:MSVCR110.dll
 0002:000000a0       __imp__amsg_exit           00000001800130a0     MSVCRT:MSVCR110.dll
 0002:000000a8       __imp___CppXcptFilter      00000001800130a8     MSVCRT:MSVCR110.dll
 0002:000000b0       __imp___crtCapturePreviousContext 00000001800130b0     MSVCRT:MSVCR110.dll
 0002:000000b8       __imp___crtCaptureCurrentContext 00000001800130b8     MSVCRT:MSVCR110.dll
 0002:000000c0       __imp___crtTerminateProcess 00000001800130c0     MSVCRT:MSVCR110.dll
 0002:000000c8       __imp___crtUnhandledException 00000001800130c8     MSVCRT:MSVCR110.dll
 0002:000000d0       __imp___crt_debugger_hook  00000001800130d0     MSVCRT:MSVCR110.dll
 0002:000000d8       __imp_malloc               00000001800130d8     MSVCRT:MSVCR110.dll
 0002:000000e0       __imp_free                 00000001800130e0     MSVCRT:MSVCR110.dll
 0002:000000e8       __imp_sprintf              00000001800130e8     MSVCRT:MSVCR110.dll
 0002:000000f0       __imp_strlen               00000001800130f0     MSVCRT:MSVCR110.dll
 0002:000000f8       __imp_strcat               00000001800130f8     MSVCRT:MSVCR110.dll
 0002:00000100       __imp_memcpy               0000000180013100     MSVCRT:MSVCR110.dll
 0002:00000108       __imp_memset               0000000180013108     MSVCRT:MSVCR110.dll
 0002:00000110       __imp_strcmp               0000000180013110     MSVCRT:MSVCR110.dll
 0002:00000118       \177MSVCR110_NULL_THUNK_DATA 0000000180013118     MSVCRT:MSVCR110.dll
 0002:00000120       __imp_mexLock              0000000180013120     libmex:libmex.dll
 0002:00000128       __imp_mexErrMsgTxt         0000000180013128     libmex:libmex.dll
 0002:00000130       __imp_mexIsLocked          0000000180013130     libmex:libmex.dll
 0002:00000138       __imp_mexUnlock            0000000180013138     libmex:libmex.dll
 0002:00000140       __imp_mexMakeArrayPersistent 0000000180013140     libmex:libmex.dll
 0002:00000148       __imp_mexCallMATLABWithObject 0000000180013148     libmex:libmex.dll
 0002:00000150       __imp_mexWarnMsgTxt        0000000180013150     libmex:libmex.dll
 0002:00000158       \177libmex_NULL_THUNK_DATA 0000000180013158     libmex:libmex.dll
 0002:00000160       __imp_muDoubleScalarRound  0000000180013160     libmwmathutil:libmwmathutil.dll
 0002:00000168       \177libmwmathutil_NULL_THUNK_DATA 0000000180013168     libmwmathutil:libmwmathutil.dll
 0002:00000170       __imp_mxGetN               0000000180013170     libmx:libmx.dll
 0002:00000178       __imp_mxIsComplex          0000000180013178     libmx:libmx.dll
 0002:00000180       __imp_mxIsNumeric          0000000180013180     libmx:libmx.dll
 0002:00000188       __imp_mxGetClassID         0000000180013188     libmx:libmx.dll
 0002:00000190       __imp_mxGetM               0000000180013190     libmx:libmx.dll
 0002:00000198       __imp_mxCalloc             0000000180013198     libmx:libmx.dll
 0002:000001a0       __imp_mxCreateStructArray_730 00000001800131a0     libmx:libmx.dll
 0002:000001a8       __imp_mxCreateStructMatrix_730 00000001800131a8     libmx:libmx.dll
 0002:000001b0       __imp_mxCreateCellArray_730 00000001800131b0     libmx:libmx.dll
 0002:000001b8       __imp_mxCreateCellMatrix_730 00000001800131b8     libmx:libmx.dll
 0002:000001c0       __imp_mxCreateString       00000001800131c0     libmx:libmx.dll
 0002:000001c8       __imp_mxCreateDoubleScalar 00000001800131c8     libmx:libmx.dll
 0002:000001d0       __imp_mxSetField_730       00000001800131d0     libmx:libmx.dll
 0002:000001d8       __imp_mxDuplicateArray     00000001800131d8     libmx:libmx.dll
 0002:000001e0       __imp_mxGetString_730      00000001800131e0     libmx:libmx.dll
 0002:000001e8       __imp_mxCreateLogicalScalar 00000001800131e8     libmx:libmx.dll
 0002:000001f0       __imp_mxCreateDoubleMatrix_730 00000001800131f0     libmx:libmx.dll
 0002:000001f8       __imp_mxGetScalar          00000001800131f8     libmx:libmx.dll
 0002:00000200       __imp_mxGetPr              0000000180013200     libmx:libmx.dll
 0002:00000208       __imp_mxIsChar             0000000180013208     libmx:libmx.dll
 0002:00000210       __imp_mxDestroyArray       0000000180013210     libmx:libmx.dll
 0002:00000218       \177libmx_NULL_THUNK_DATA  0000000180013218     libmx:libmx.dll
 0002:00000220       __imp_utMalloc             0000000180013220     libut:libut.dll
 0002:00000228       __imp_utFree               0000000180013228     libut:libut.dll
 0002:00000230       \177libut_NULL_THUNK_DATA  0000000180013230     libut:libut.dll
 0002:00000238       __imp_sf_debug_terminate   0000000180013238     sf_runtime:sf_runtime.dll
 0002:00000240       __imp_call_sf_machine_global_method_dispatcher 0000000180013240     sf_runtime:sf_runtime.dll
 0002:00000248       __imp_callMdlMethodAndReportError 0000000180013248     sf_runtime:sf_runtime.dll
 0002:00000250       __imp_sf_debug_cv_init_state 0000000180013250     sf_runtime:sf_runtime.dll
 0002:00000258       __imp_sf_debug_cv_init_chart 0000000180013258     sf_runtime:sf_runtime.dll
 0002:00000260       __imp_sim_mode_is_external 0000000180013260     sf_runtime:sf_runtime.dll
 0002:00000268       __imp_sf_debug_cv_init_trans 0000000180013268     sf_runtime:sf_runtime.dll
 0002:00000270       __imp_cv_eval_saturation   0000000180013270     sf_runtime:sf_runtime.dll
 0002:00000278       __imp_sf_debug_data_range_wrapper 0000000180013278     sf_runtime:sf_runtime.dll
 0002:00000280       __imp_sf_debug_eml_data_array_bounds_error_check 0000000180013280     sf_runtime:sf_runtime.dll
 0002:00000288       __imp_sf_debug_dim_size_geq_check 0000000180013288     sf_runtime:sf_runtime.dll
 0002:00000290       __imp_sf_debug_size_eq_check_nd 0000000180013290     sf_runtime:sf_runtime.dll
 0002:00000298       __imp_sf_debug_data_range_error_wrapper_max 0000000180013298     sf_runtime:sf_runtime.dll
 0002:000002a0       __imp_sf_debug_set_chart_substate_count 00000001800132a0     sf_runtime:sf_runtime.dll
 0002:000002a8       __imp_sf_debug_set_chart_decomposition 00000001800132a8     sf_runtime:sf_runtime.dll
 0002:000002b0       __imp_sf_debug_create_debug_instance_struct 00000001800132b0     sf_runtime:sf_runtime.dll
 0002:000002b8       __imp_sf_debug_set_chart_event_thresholds 00000001800132b8     sf_runtime:sf_runtime.dll
 0002:000002c0       __imp_sf_debug_set_chart_disable_implicit_casting 00000001800132c0     sf_runtime:sf_runtime.dll
 0002:000002c8       __imp_sf_debug_set_instance_data_value_ptr 00000001800132c8     sf_runtime:sf_runtime.dll
 0002:000002d0       __imp_sf_debug_symbol_scope_add_eml_dyn_importable 00000001800132d0     sf_runtime:sf_runtime.dll
 0002:000002d8       __imp_sf_debug_symbol_scope_add_eml_dyn 00000001800132d8     sf_runtime:sf_runtime.dll
 0002:000002e0       __imp_sf_debug_symbol_scope_add_eml_importable 00000001800132e0     sf_runtime:sf_runtime.dll
 0002:000002e8       __imp_sf_debug_symbol_scope_add_eml 00000001800132e8     sf_runtime:sf_runtime.dll
 0002:000002f0       __imp_sf_debug_symbol_scope_pop 00000001800132f0     sf_runtime:sf_runtime.dll
 0002:000002f8       __imp_sf_debug_symbol_scope_push_eml 00000001800132f8     sf_runtime:sf_runtime.dll
 0002:00000300       __imp_sf_debug_symbol_scope_push 0000000180013300     sf_runtime:sf_runtime.dll
 0002:00000308       __imp_sf_debug_set_chart_data_compiled_props 0000000180013308     sf_runtime:sf_runtime.dll
 0002:00000310       __imp_sf_debug_set_chart_data_props 0000000180013310     sf_runtime:sf_runtime.dll
 0002:00000318       __imp_sf_debug_check_for_state_inconsistency 0000000180013318     sf_runtime:sf_runtime.dll
 0002:00000320       __imp_sf_debug_reset_current_state_configuration 0000000180013320     sf_runtime:sf_runtime.dll
 0002:00000328       __imp_cv_eml_init_saturation 0000000180013328     sf_runtime:sf_runtime.dll
 0002:00000330       __imp_cv_eml_init_fcn      0000000180013330     sf_runtime:sf_runtime.dll
 0002:00000338       __imp_sf_clear_error_manager_info 0000000180013338     sf_runtime:sf_runtime.dll
 0002:00000340       __imp_sf_debug_set_chart_state_info 0000000180013340     sf_runtime:sf_runtime.dll
 0002:00000348       __imp_sf_mex_error_direct_call 0000000180013348     sf_runtime:sf_runtime.dll
 0002:00000350       __imp_cv_eml_init_script   0000000180013350     sf_runtime:sf_runtime.dll
 0002:00000358       __imp_cv_eml_eval          0000000180013358     sf_runtime:sf_runtime.dll
 0002:00000360       __imp_eml_debug_line_call  0000000180013360     sf_runtime:sf_runtime.dll
 0002:00000368       __imp_sf_debug_call        0000000180013368     sf_runtime:sf_runtime.dll
 0002:00000370       __imp_sf_debug_initialize_chart 0000000180013370     sf_runtime:sf_runtime.dll
 0002:00000378       __imp_ssGetOutputPortSignal_wrapper 0000000180013378     sf_runtime:sf_runtime.dll
 0002:00000380       __imp_ssGetInputPortSignal_wrapper 0000000180013380     sf_runtime:sf_runtime.dll
 0002:00000388       __imp_ssSetCurrentOutputPortDimensions_wrapper 0000000180013388     sf_runtime:sf_runtime.dll
 0002:00000390       __imp_ssGetCurrentOutputPortDimensions_wrapper 0000000180013390     sf_runtime:sf_runtime.dll
 0002:00000398       __imp_ssGetCurrentInputPortDimensions_wrapper 0000000180013398     sf_runtime:sf_runtime.dll
 0002:000003a0       __imp_sf_mex_decode_encoded_mx_struct_array 00000001800133a0     sf_runtime:sf_runtime.dll
 0002:000003a8       __imp_sf_mex_import_vs     00000001800133a8     sf_runtime:sf_runtime.dll
 0002:000003b0       __imp_sf_mex_import_named  00000001800133b0     sf_runtime:sf_runtime.dll
 0002:000003b8       __imp_sf_mex_import        00000001800133b8     sf_runtime:sf_runtime.dll
 0002:000003c0       __imp_sf_mex_destroy       00000001800133c0     sf_runtime:sf_runtime.dll
 0002:000003c8       __imp_sf_mex_dup           00000001800133c8     sf_runtime:sf_runtime.dll
 0002:000003d0       __imp_sf_mex_assign        00000001800133d0     sf_runtime:sf_runtime.dll
 0002:000003d8       __imp_sf_mex_getcell       00000001800133d8     sf_runtime:sf_runtime.dll
 0002:000003e0       __imp_sf_mex_setcell       00000001800133e0     sf_runtime:sf_runtime.dll
 0002:000003e8       __imp_sf_mex_createcellmatrix 00000001800133e8     sf_runtime:sf_runtime.dll
 0002:000003f0       __imp_sf_mex_create        00000001800133f0     sf_runtime:sf_runtime.dll
 0002:000003f8       __imp_sf_mex_error_message 00000001800133f8     sf_runtime:sf_runtime.dll
 0002:00000400       __imp_sf_mex_call_debug    0000000180013400     sf_runtime:sf_runtime.dll
 0002:00000408       __imp_sf_get_time          0000000180013408     sf_runtime:sf_runtime.dll
 0002:00000410       __imp_sf_set_rtw_dwork_info 0000000180013410     sf_runtime:sf_runtime.dll
 0002:00000418       __imp_sf_clear_rtw_identifier 0000000180013418     sf_runtime:sf_runtime.dll
 0002:00000420       __imp_sf_mex_get_sfun_param 0000000180013420     sf_runtime:sf_runtime.dll
 0002:00000428       __imp_sim_mode_is_rtw_gen  0000000180013428     sf_runtime:sf_runtime.dll
 0002:00000430       __imp_sf_mark_chart_expressionable_inputs 0000000180013430     sf_runtime:sf_runtime.dll
 0002:00000438       __imp_sf_mark_chart_reusable_outputs 0000000180013438     sf_runtime:sf_runtime.dll
 0002:00000440       __imp_sf_is_chart_inlinable 0000000180013440     sf_runtime:sf_runtime.dll
 0002:00000448       __imp_sf_update_buildInfo  0000000180013448     sf_runtime:sf_runtime.dll
 0002:00000450       __imp_sf_rtw_info_uint_prop 0000000180013450     sf_runtime:sf_runtime.dll
 0002:00000458       __imp_sf_debug_set_machine_data_thresholds 0000000180013458     sf_runtime:sf_runtime.dll
 0002:00000460       __imp_sf_debug_set_machine_event_thresholds 0000000180013460     sf_runtime:sf_runtime.dll
 0002:00000468       __imp_sf_debug_initialize_machine 0000000180013468     sf_runtime:sf_runtime.dll
 0002:00000470       __imp_sf_debug_api         0000000180013470     sf_runtime:sf_runtime.dll
 0002:00000478       __imp_sf_load_rtw_optimization_info 0000000180013478     sf_runtime:sf_runtime.dll
 0002:00000480       \177sf_runtime_NULL_THUNK_DATA 0000000180013480     sf_runtime:sf_runtime.dll
 0002:00000488       __xc_a                     0000000180013488     MSVCRT:cinitexe.obj
 0002:00000490       __xc_z                     0000000180013490     MSVCRT:cinitexe.obj
 0002:00000498       __xi_a                     0000000180013498     MSVCRT:cinitexe.obj
 0002:000004b0       __xi_z                     00000001800134b0     MSVCRT:cinitexe.obj
 0002:000004c0       __real@41a7dea5f8000000    00000001800134c0     viptraffic_win_sfun.obj
 0002:000004c8       __real@41b1189e74000000    00000001800134c8     viptraffic_win_sfun.obj
 0002:000004d0       __real@41c56c73cc800000    00000001800134d0     viptraffic_win_sfun.obj
 0002:000004d8       __real@41d5ccc39ec00000    00000001800134d8     viptraffic_win_sfun.obj
 0002:000004e0       __real@41d8b3e21ac00000    00000001800134e0     viptraffic_win_sfun.obj
 0002:000004e8       __real@41d90e58f6c00000    00000001800134e8     viptraffic_win_sfun.obj
 0002:000004f0       __real@41db448995400000    00000001800134f0     viptraffic_win_sfun.obj
 0002:000004f8       __real@41ddae3573400000    00000001800134f8     viptraffic_win_sfun.obj
 0002:00000500       __real@41dfc5ce44000000    0000000180013500     viptraffic_win_sfun.obj
 0002:00000508       __real@41e07c098fe00000    0000000180013508     viptraffic_win_sfun.obj
 0002:00000510       __real@41e1914a24400000    0000000180013510     viptraffic_win_sfun.obj
 0002:00000518       __real@41e1deddf5e00000    0000000180013518     viptraffic_win_sfun.obj
 0002:00000520       __real@41e6cf0aa2400000    0000000180013520     viptraffic_win_sfun.obj
 0002:00000528       __real@41e92f90e5000000    0000000180013528     viptraffic_win_sfun.obj
 0002:00000530       __real@41e97dd13dc00000    0000000180013530     viptraffic_win_sfun.obj
 0002:00000538       __real@41ead1319ec00000    0000000180013538     viptraffic_win_sfun.obj
 0002:00000540       __real@3ff0000000000000    0000000180013540     c2_viptraffic_win.obj
 0002:00000548       __real@4000000000000000    0000000180013548     c2_viptraffic_win.obj
 0002:00000550       __real@4010000000000000    0000000180013550     c2_viptraffic_win.obj
 0002:00000558       __real@4020000000000000    0000000180013558     c2_viptraffic_win.obj
 0002:00000560       __real@4024000000000000    0000000180013560     c2_viptraffic_win.obj
 0002:00000568       __real@4036000000000000    0000000180013568     c2_viptraffic_win.obj
 0002:00000570       __real@4054000000000000    0000000180013570     c2_viptraffic_win.obj
 0002:00000578       __real@4074000000000000    0000000180013578     c2_viptraffic_win.obj
 0002:00000580       __real@41c866fdf9000000    0000000180013580     c2_viptraffic_win.obj
 0002:00000588       __real@41db3bc6b7c00000    0000000180013588     c2_viptraffic_win.obj
 0002:00000590       __real@41e0000000000000    0000000180013590     c2_viptraffic_win.obj
 0002:00000598       __real@41e49de696000000    0000000180013598     c2_viptraffic_win.obj
 0002:000005a0       __real@41eaca46f4800000    00000001800135a0     c2_viptraffic_win.obj
 0002:000005a8       __real@c1e0000000000000    00000001800135a8     c2_viptraffic_win.obj
 0002:000005b0       __real@4044000000000000    00000001800135b0     c3_viptraffic_win.obj
 0002:000005b8       __real@4058c00000000000    00000001800135b8     c3_viptraffic_win.obj
 0002:000005c0       __real@405e000000000000    00000001800135c0     c3_viptraffic_win.obj
 0002:000005c8       __real@4064000000000000    00000001800135c8     c3_viptraffic_win.obj
 0002:000005d0       __real@418bdfbc58000000    00000001800135d0     c3_viptraffic_win.obj
 0002:000005d8       __real@41e22ff8c9800000    00000001800135d8     c3_viptraffic_win.obj
 0002:000005e0       __real@41e55324efa00000    00000001800135e0     c3_viptraffic_win.obj
 0002:000005e8       __real@41e92f3108e00000    00000001800135e8     c3_viptraffic_win.obj
 0002:000005f0       DYNAMIC_DIMENSION_DEF      00000001800135f0     viptraffic_win_sfun_registry.obj
 0002:00000610       _ssBadLevel2InputAccessMsg 0000000180013610     viptraffic_win_sfun_registry.obj
 0002:000007a0       _ssBadLevel2DirectFeedMsg  00000001800137a0     viptraffic_win_sfun_registry.obj
 0002:000008e0       _ssBadLevel2DirectFeedSolutionMsg 00000001800138e0     viptraffic_win_sfun_registry.obj
 0002:00000950       _ssBadLevel2ZeroDirectFeedMsg 0000000180013950     viptraffic_win_sfun_registry.obj
 0002:00000a90       _ssBadLevel2ZeroDirectFeedMsg2 0000000180013a90     viptraffic_win_sfun_registry.obj
 0002:00000b78       __real@0000000000000000    0000000180013b78     viptraffic_win_sfun_registry.obj
 0002:00000b80       __real@41602cbca0000000    0000000180013b80     viptraffic_win_sfun_registry.obj
 0002:00000b88       __real@bff0000000000000    0000000180013b88     viptraffic_win_sfun_registry.obj
 0002:00000ba0       _pRawDllMain               0000000180013ba0     MSVCRT:crtdll.obj
 0002:00000ba0       _pDefaultRawDllMain        0000000180013ba0     MSVCRT:crtdll.obj
 0002:00000ba8       ?ProcessDetach@NativeDll@<CrtImplementationDetails>@@0IB 0000000180013ba8     MSVCRT:initsect.obj
 0002:00000bac       ?ProcessAttach@NativeDll@<CrtImplementationDetails>@@0IB 0000000180013bac     MSVCRT:initsect.obj
 0002:00000bb0       ?ThreadAttach@NativeDll@<CrtImplementationDetails>@@0IB 0000000180013bb0     MSVCRT:initsect.obj
 0002:00000bb4       ?ThreadDetach@NativeDll@<CrtImplementationDetails>@@0IB 0000000180013bb4     MSVCRT:initsect.obj
 0002:00000bb8       ?ProcessVerifier@NativeDll@<CrtImplementationDetails>@@0IB 0000000180013bb8     MSVCRT:initsect.obj
 0002:00000bbc       ?value@?$integral_constant@_N$0A@@std@@2_NB 0000000180013bbc     MSVCRT:tncleanup.obj
 0002:00000bbd       ?value@?$integral_constant@_N$00@std@@2_NB 0000000180013bbd     MSVCRT:tncleanup.obj
 0002:00000bc0       ?value@?$_Sizeof@U_Nil@std@@U12@U12@U12@U12@U12@U12@U12@@std@@2_KB 0000000180013bc0     MSVCRT:tncleanup.obj
 0002:00000bd0       _load_config_used          0000000180013bd0     MSVCRT:loadcfg.obj
 0002:00000c40       __rtc_iaa                  0000000180013c40     MSVCRT:initsect.obj
 0002:00000c48       __rtc_izz                  0000000180013c48     MSVCRT:initsect.obj
 0002:00000c50       __rtc_taa                  0000000180013c50     MSVCRT:initsect.obj
 0002:00000c58       __rtc_tzz                  0000000180013c58     MSVCRT:initsect.obj
 0002:00001538       __IMPORT_DESCRIPTOR_sf_runtime 0000000180014538     sf_runtime:sf_runtime.dll
 0002:0000154c       __IMPORT_DESCRIPTOR_libmx  000000018001454c     libmx:libmx.dll
 0002:00001560       __IMPORT_DESCRIPTOR_libmex 0000000180014560     libmex:libmex.dll
 0002:00001574       __IMPORT_DESCRIPTOR_libut  0000000180014574     libut:libut.dll
 0002:00001588       __IMPORT_DESCRIPTOR_libmwmathutil 0000000180014588     libmwmathutil:libmwmathutil.dll
 0002:0000159c       __IMPORT_DESCRIPTOR_MSVCR110 000000018001459c     MSVCRT:MSVCR110.dll
 0002:000015b0       __IMPORT_DESCRIPTOR_KERNEL32 00000001800145b0     kernel32:KERNEL32.dll
 0002:000015c4       __NULL_IMPORT_DESCRIPTOR   00000001800145c4     sf_runtime:sf_runtime.dll
 0003:00001178       DYNAMIC_DIMENSION          0000000180017178     viptraffic_win_sfun_registry.obj
 0003:00001e70       __security_cookie          0000000180017e70     MSVCRT:gs_cookie.obj
 0003:00001e78       __security_cookie_complement 0000000180017e78     MSVCRT:gs_cookie.obj
 0003:00001e80       _fltused                   0000000180017e80     MSVCRT:dllsupp.obj
 0003:00001e90       __native_dllmain_reason    0000000180017e90     MSVCRT:natstart.obj
 0003:00001ed8       sfGlobalDebugInstanceStruct 0000000180017ed8     viptraffic_win_sfun_registry.obj
 0003:00002538       ?__type_info_root_node@@3U__type_info_node@@A 0000000180018538     MSVCRT:tncleanup.obj
 0003:00002548       _viptraffic_winMachineNumber_ 0000000180018548     <common>
 0003:00002550       __native_startup_lock      0000000180018550     <common>
 0003:00002558       __native_startup_state     0000000180018558     <common>
 0003:00002560       __onexitend                0000000180018560     <common>
 0003:00002568       __onexitbegin              0000000180018568     <common>
 0003:00002570       __dyn_tls_init_callback    0000000180018570     <common>

 entry point at        0001:0001175c

 Static symbols

 0000:00000000       .debug$S                   0000000180000000     kernel32:KERNEL32.dll
 0000:00000000       .debug$S                   0000000180000000     kernel32:KERNEL32.dll
 0000:00000000       .debug$S                   0000000180000000     kernel32:KERNEL32.dll
 0000:00000000       .debug$S                   0000000180000000     kernel32:KERNEL32.dll
 0000:00000000       .debug$S                   0000000180000000     kernel32:KERNEL32.dll
 0000:00000000       .debug$S                   0000000180000000     kernel32:KERNEL32.dll
 0000:00000000       .debug$S                   0000000180000000     kernel32:KERNEL32.dll
 0000:00000000       .debug$S                   0000000180000000     kernel32:KERNEL32.dll
 0000:00000000       .debug$S                   0000000180000000     kernel32:KERNEL32.dll
 0000:00000000       .debug$S                   0000000180000000     MSVCRT:MSVCR110.dll
 0000:00000000       .debug$S                   0000000180000000     MSVCRT:MSVCR110.dll
 0000:00000000       .debug$S                   0000000180000000     MSVCRT:MSVCR110.dll
 0000:00000000       .debug$S                   0000000180000000     MSVCRT:MSVCR110.dll
 0000:00000000       .debug$S                   0000000180000000     MSVCRT:MSVCR110.dll
 0000:00000000       .debug$S                   0000000180000000     MSVCRT:MSVCR110.dll
 0000:00000000       .debug$S                   0000000180000000     MSVCRT:MSVCR110.dll
 0000:00000000       .debug$S                   0000000180000000     MSVCRT:MSVCR110.dll
 0000:00000000       .debug$S                   0000000180000000     MSVCRT:MSVCR110.dll
 0000:00000000       .debug$S                   0000000180000000     MSVCRT:MSVCR110.dll
 0000:00000000       .debug$S                   0000000180000000     MSVCRT:MSVCR110.dll
 0000:00000000       .debug$S                   0000000180000000     MSVCRT:MSVCR110.dll
 0000:00000000       .debug$S                   0000000180000000     MSVCRT:MSVCR110.dll
 0000:00000000       .debug$S                   0000000180000000     MSVCRT:MSVCR110.dll
 0000:00000000       .debug$S                   0000000180000000     MSVCRT:MSVCR110.dll
 0000:00000000       .debug$S                   0000000180000000     MSVCRT:MSVCR110.dll
 0000:00000000       .debug$S                   0000000180000000     MSVCRT:MSVCR110.dll
 0000:00000000       .debug$S                   0000000180000000     MSVCRT:MSVCR110.dll
 0000:00000000       .debug$S                   0000000180000000     MSVCRT:MSVCR110.dll
 0000:00000000       .debug$S                   0000000180000000     MSVCRT:MSVCR110.dll
 0000:00000000       .debug$S                   0000000180000000     MSVCRT:MSVCR110.dll
 0000:00000000       .debug$S                   0000000180000000     MSVCRT:MSVCR110.dll
 0000:00000000       .debug$S                   0000000180000000     MSVCRT:MSVCR110.dll
 0000:00000000       .debug$S                   0000000180000000     MSVCRT:MSVCR110.dll
 0000:00000000       .debug$S                   0000000180000000     MSVCRT:MSVCR110.dll
 0000:00000000       .debug$S                   0000000180000000     sf_runtime:sf_runtime.dll
 0000:00000000       .debug$S                   0000000180000000     sf_runtime:sf_runtime.dll
 0000:00000000       .debug$S                   0000000180000000     sf_runtime:sf_runtime.dll
 0000:00000000       .debug$S                   0000000180000000     sf_runtime:sf_runtime.dll
 0000:00000000       .debug$S                   0000000180000000     sf_runtime:sf_runtime.dll
 0000:00000000       .debug$S                   0000000180000000     sf_runtime:sf_runtime.dll
 0000:00000000       .debug$S                   0000000180000000     sf_runtime:sf_runtime.dll
 0000:00000000       .debug$S                   0000000180000000     sf_runtime:sf_runtime.dll
 0000:00000000       .debug$S                   0000000180000000     sf_runtime:sf_runtime.dll
 0000:00000000       .debug$S                   0000000180000000     sf_runtime:sf_runtime.dll
 0000:00000000       .debug$S                   0000000180000000     sf_runtime:sf_runtime.dll
 0000:00000000       .debug$S                   0000000180000000     libmwmathutil:libmwmathutil.dll
 0000:00000000       .debug$S                   0000000180000000     libut:libut.dll
 0000:00000000       .debug$S                   0000000180000000     libut:libut.dll
 0000:00000000       .debug$S                   0000000180000000     libmex:libmex.dll
 0000:00000000       .debug$S                   0000000180000000     libmex:libmex.dll
 0000:00000000       .debug$S                   0000000180000000     libmex:libmex.dll
 0000:00000000       .debug$S                   0000000180000000     libmex:libmex.dll
 0000:00000000       .debug$S                   0000000180000000     libmex:libmex.dll
 0000:00000000       .debug$S                   0000000180000000     libmex:libmex.dll
 0000:00000000       .debug$S                   0000000180000000     libmex:libmex.dll
 0000:00000000       .debug$S                   0000000180000000     libmx:libmx.dll
 0000:00000000       .debug$S                   0000000180000000     libmx:libmx.dll
 0000:00000000       .debug$S                   0000000180000000     libmx:libmx.dll
 0000:00000000       .debug$S                   0000000180000000     libmx:libmx.dll
 0000:00000000       .debug$S                   0000000180000000     libmx:libmx.dll
 0000:00000000       .debug$S                   0000000180000000     libmx:libmx.dll
 0000:00000000       .debug$S                   0000000180000000     libmx:libmx.dll
 0000:00000000       .debug$S                   0000000180000000     libmx:libmx.dll
 0000:00000000       .debug$S                   0000000180000000     libmx:libmx.dll
 0000:00000000       .debug$S                   0000000180000000     libmx:libmx.dll
 0000:00000000       .debug$S                   0000000180000000     libmx:libmx.dll
 0000:00000000       .debug$S                   0000000180000000     libmx:libmx.dll
 0000:00000000       .debug$S                   0000000180000000     libmx:libmx.dll
 0000:00000000       .debug$S                   0000000180000000     libmx:libmx.dll
 0000:00000000       .debug$S                   0000000180000000     libmx:libmx.dll
 0000:00000000       .debug$S                   0000000180000000     libmx:libmx.dll
 0000:00000000       .debug$S                   0000000180000000     libmx:libmx.dll
 0000:00000000       .debug$S                   0000000180000000     libmx:libmx.dll
 0000:00000000       .debug$S                   0000000180000000     libmx:libmx.dll
 0000:00000000       .debug$S                   0000000180000000     libmx:libmx.dll
 0000:00000000       .debug$S                   0000000180000000     libmx:libmx.dll
 0000:00000000       .debug$S                   0000000180000000     sf_runtime:sf_runtime.dll
 0000:00000000       .debug$S                   0000000180000000     sf_runtime:sf_runtime.dll
 0000:00000000       .debug$S                   0000000180000000     sf_runtime:sf_runtime.dll
 0000:00000000       .debug$S                   0000000180000000     sf_runtime:sf_runtime.dll
 0000:00000000       .debug$S                   0000000180000000     sf_runtime:sf_runtime.dll
 0000:00000000       .debug$S                   0000000180000000     sf_runtime:sf_runtime.dll
 0000:00000000       .debug$S                   0000000180000000     sf_runtime:sf_runtime.dll
 0000:00000000       .debug$S                   0000000180000000     sf_runtime:sf_runtime.dll
 0000:00000000       .debug$S                   0000000180000000     sf_runtime:sf_runtime.dll
 0000:00000000       .debug$S                   0000000180000000     sf_runtime:sf_runtime.dll
 0000:00000000       .debug$S                   0000000180000000     sf_runtime:sf_runtime.dll
 0000:00000000       .debug$S                   0000000180000000     sf_runtime:sf_runtime.dll
 0000:00000000       .debug$S                   0000000180000000     sf_runtime:sf_runtime.dll
 0000:00000000       .debug$S                   0000000180000000     sf_runtime:sf_runtime.dll
 0000:00000000       .debug$S                   0000000180000000     sf_runtime:sf_runtime.dll
 0000:00000000       .debug$S                   0000000180000000     sf_runtime:sf_runtime.dll
 0000:00000000       .debug$S                   0000000180000000     sf_runtime:sf_runtime.dll
 0000:00000000       .debug$S                   0000000180000000     sf_runtime:sf_runtime.dll
 0000:00000000       .debug$S                   0000000180000000     sf_runtime:sf_runtime.dll
 0000:00000000       .debug$S                   0000000180000000     sf_runtime:sf_runtime.dll
 0000:00000000       .debug$S                   0000000180000000     sf_runtime:sf_runtime.dll
 0000:00000000       .debug$S                   0000000180000000     sf_runtime:sf_runtime.dll
 0000:00000000       .debug$S                   0000000180000000     sf_runtime:sf_runtime.dll
 0000:00000000       .debug$S                   0000000180000000     sf_runtime:sf_runtime.dll
 0000:00000000       .debug$S                   0000000180000000     sf_runtime:sf_runtime.dll
 0000:00000000       .debug$S                   0000000180000000     sf_runtime:sf_runtime.dll
 0000:00000000       .debug$S                   0000000180000000     sf_runtime:sf_runtime.dll
 0000:00000000       .debug$S                   0000000180000000     sf_runtime:sf_runtime.dll
 0000:00000000       .debug$S                   0000000180000000     sf_runtime:sf_runtime.dll
 0000:00000000       .debug$S                   0000000180000000     sf_runtime:sf_runtime.dll
 0000:00000000       .debug$S                   0000000180000000     sf_runtime:sf_runtime.dll
 0000:00000000       .debug$S                   0000000180000000     sf_runtime:sf_runtime.dll
 0000:00000000       .debug$S                   0000000180000000     sf_runtime:sf_runtime.dll
 0000:00000000       .debug$S                   0000000180000000     sf_runtime:sf_runtime.dll
 0000:00000000       .debug$S                   0000000180000000     sf_runtime:sf_runtime.dll
 0000:00000000       .debug$S                   0000000180000000     sf_runtime:sf_runtime.dll
 0000:00000000       .debug$S                   0000000180000000     sf_runtime:sf_runtime.dll
 0000:00000000       .debug$S                   0000000180000000     sf_runtime:sf_runtime.dll
 0000:00000000       .debug$S                   0000000180000000     sf_runtime:sf_runtime.dll
 0000:00000000       .debug$S                   0000000180000000     sf_runtime:sf_runtime.dll
 0000:00000000       .debug$S                   0000000180000000     sf_runtime:sf_runtime.dll
 0000:00000000       .debug$S                   0000000180000000     sf_runtime:sf_runtime.dll
 0000:00000000       .debug$S                   0000000180000000     sf_runtime:sf_runtime.dll
 0000:00000000       .debug$S                   0000000180000000     sf_runtime:sf_runtime.dll
 0000:00000000       .debug$S                   0000000180000000     sf_runtime:sf_runtime.dll
 0000:00000000       .debug$S                   0000000180000000     sf_runtime:sf_runtime.dll
 0000:00000000       .debug$S                   0000000180000000     sf_runtime:sf_runtime.dll
 0000:00000000       .debug$S                   0000000180000000     sf_runtime:sf_runtime.dll
 0000:00000000       .debug$S                   0000000180000000     sf_runtime:sf_runtime.dll
 0000:00000000       .debug$S                   0000000180000000     sf_runtime:sf_runtime.dll
 0000:00000000       .debug$S                   0000000180000000     sf_runtime:sf_runtime.dll
 0000:00000000       .debug$S                   0000000180000000     sf_runtime:sf_runtime.dll
 0000:00000000       .debug$S                   0000000180000000     sf_runtime:sf_runtime.dll
 0000:00000000       .debug$S                   0000000180000000     sf_runtime:sf_runtime.dll
 0000:00000000       .debug$S                   0000000180000000     sf_runtime:sf_runtime.dll
 0000:00000000       .debug$S                   0000000180000000     sf_runtime:sf_runtime.dll
 0000:00000000       .debug$S                   0000000180000000     sf_runtime:sf_runtime.dll
 0000:00000000       .debug$S                   0000000180000000     sf_runtime:sf_runtime.dll
 0000:00000000       .debug$S                   0000000180000000     sf_runtime:sf_runtime.dll
 0000:00000000       .debug$S                   0000000180000000     sf_runtime:sf_runtime.dll
 0000:00000000       .debug$S                   0000000180000000     sf_runtime:sf_runtime.dll
 0000:00000000       .debug$S                   0000000180000000     sf_runtime:sf_runtime.dll
 0001:00001580       initialize_c2_viptraffic_win 0000000180002580 f   c2_viptraffic_win.obj
 0001:000015d0       initialize_params_c2_viptraffic_win 00000001800025d0 f   c2_viptraffic_win.obj
 0001:00001650       enable_c2_viptraffic_win   0000000180002650 f   c2_viptraffic_win.obj
 0001:00001680       disable_c2_viptraffic_win  0000000180002680 f   c2_viptraffic_win.obj
 0001:000016b0       c2_update_debugger_state_c2_viptraffic_win 00000001800026b0 f   c2_viptraffic_win.obj
 0001:000016c0       get_sim_state_c2_viptraffic_win 00000001800026c0 f   c2_viptraffic_win.obj
 0001:00001970       set_sim_state_c2_viptraffic_win 0000000180002970 f   c2_viptraffic_win.obj
 0001:00001b60       finalize_c2_viptraffic_win 0000000180002b60 f   c2_viptraffic_win.obj
 0001:00001b70       sf_gateway_c2_viptraffic_win 0000000180002b70 f   c2_viptraffic_win.obj
 0001:00003010       initSimStructsc2_viptraffic_win 0000000180004010 f   c2_viptraffic_win.obj
 0001:00003020       init_script_number_translation 0000000180004020 f   c2_viptraffic_win.obj
 0001:00003040       c2_sf_marshallOut          0000000180004040 f   c2_viptraffic_win.obj
 0001:00003280       c2_emlrt_marshallIn        0000000180004280 f   c2_viptraffic_win.obj
 0001:000032f0       c2_b_emlrt_marshallIn      00000001800042f0 f   c2_viptraffic_win.obj
 0001:000034f0       c2_sf_marshallIn           00000001800044f0 f   c2_viptraffic_win.obj
 0001:000036c0       c2_b_sf_marshallOut        00000001800046c0 f   c2_viptraffic_win.obj
 0001:00003770       c2_c_emlrt_marshallIn      0000000180004770 f   c2_viptraffic_win.obj
 0001:00003800       c2_b_sf_marshallIn         0000000180004800 f   c2_viptraffic_win.obj
 0001:000038a0       c2_c_sf_marshallOut        00000001800048a0 f   c2_viptraffic_win.obj
 0001:00003af0       c2_d_emlrt_marshallIn      0000000180004af0 f   c2_viptraffic_win.obj
 0001:00003cf0       c2_c_sf_marshallIn         0000000180004cf0 f   c2_viptraffic_win.obj
 0001:00003ec0       c2_d_sf_marshallOut        0000000180004ec0 f   c2_viptraffic_win.obj
 0001:00003ff0       c2_e_emlrt_marshallIn      0000000180004ff0 f   c2_viptraffic_win.obj
 0001:000040d0       c2_d_sf_marshallIn         00000001800050d0 f   c2_viptraffic_win.obj
 0001:000041a0       c2_repmat                  00000001800051a0 f   c2_viptraffic_win.obj
 0001:00004740       c2_eml_assert_valid_size_arg 0000000180005740 f   c2_viptraffic_win.obj
 0001:00004a00       c2_isinbounds              0000000180005a00 f   c2_viptraffic_win.obj
 0001:00004a20       c2_eml_switch_helper       0000000180005a20 f   c2_viptraffic_win.obj
 0001:00004a30       c2_g_emlrt_marshallIn      0000000180005a30 f   c2_viptraffic_win.obj
 0001:00004a90       c2_h_emlrt_marshallIn      0000000180005a90 f   c2_viptraffic_win.obj
 0001:00004b20       init_dsm_address_info      0000000180005b20 f   c2_viptraffic_win.obj
 0001:00004b30       init_simulink_io_address   0000000180005b30 f   c2_viptraffic_win.obj
 0001:000053c0       sf_get_sim_state_info_c2_viptraffic_win 00000001800063c0 f   c2_viptraffic_win.obj
 0001:00005490       chart_debug_initialization 0000000180006490 f   c2_viptraffic_win.obj
 0001:00005e30       sf_get_instance_specialization 0000000180006e30 f   c2_viptraffic_win.obj
 0001:00005e40       sf_opaque_initialize_c2_viptraffic_win 0000000180006e40 f   c2_viptraffic_win.obj
 0001:00005e80       sf_opaque_enable_c2_viptraffic_win 0000000180006e80 f   c2_viptraffic_win.obj
 0001:00005ea0       sf_opaque_disable_c2_viptraffic_win 0000000180006ea0 f   c2_viptraffic_win.obj
 0001:00005ec0       sf_opaque_gateway_c2_viptraffic_win 0000000180006ec0 f   c2_viptraffic_win.obj
 0001:00005ee0       sf_opaque_get_sim_state_c2_viptraffic_win 0000000180006ee0 f   c2_viptraffic_win.obj
 0001:00005f30       sf_opaque_set_sim_state_c2_viptraffic_win 0000000180006f30 f   c2_viptraffic_win.obj
 0001:00005f80       sf_opaque_terminate_c2_viptraffic_win 0000000180006f80 f   c2_viptraffic_win.obj
 0001:00006020       sf_opaque_init_subchart_simstructs 0000000180007020 f   c2_viptraffic_win.obj
 0001:00006040       mdlProcessParameters_c2_viptraffic_win 0000000180007040 f   c2_viptraffic_win.obj
 0001:00006120       mdlSetWorkWidths_c2_viptraffic_win 0000000180007120 f   c2_viptraffic_win.obj
 0001:00006720       mdlRTW_c2_viptraffic_win   0000000180007720 f   c2_viptraffic_win.obj
 0001:00006760       mdlStart_c2_viptraffic_win 0000000180007760 f   c2_viptraffic_win.obj
 0001:00006b90       initialize_c3_viptraffic_win 0000000180007b90 f   c3_viptraffic_win.obj
 0001:00006be0       initialize_params_c3_viptraffic_win 0000000180007be0 f   c3_viptraffic_win.obj
 0001:00006c60       enable_c3_viptraffic_win   0000000180007c60 f   c3_viptraffic_win.obj
 0001:00006c90       disable_c3_viptraffic_win  0000000180007c90 f   c3_viptraffic_win.obj
 0001:00006cc0       c3_update_debugger_state_c3_viptraffic_win 0000000180007cc0 f   c3_viptraffic_win.obj
 0001:00006cd0       get_sim_state_c3_viptraffic_win 0000000180007cd0 f   c3_viptraffic_win.obj
 0001:00006eb0       set_sim_state_c3_viptraffic_win 0000000180007eb0 f   c3_viptraffic_win.obj
 0001:00006ff0       finalize_c3_viptraffic_win 0000000180007ff0 f   c3_viptraffic_win.obj
 0001:00007000       sf_gateway_c3_viptraffic_win 0000000180008000 f   c3_viptraffic_win.obj
 0001:00007830       initSimStructsc3_viptraffic_win 0000000180008830 f   c3_viptraffic_win.obj
 0001:00007840       init_script_number_translation 0000000180008840 f   c3_viptraffic_win.obj
 0001:00007860       c3_sf_marshallOut          0000000180008860 f   c3_viptraffic_win.obj
 0001:00007a50       c3_emlrt_marshallIn        0000000180008a50 f   c3_viptraffic_win.obj
 0001:00007ac0       c3_b_emlrt_marshallIn      0000000180008ac0 f   c3_viptraffic_win.obj
 0001:00007bc0       c3_sf_marshallIn           0000000180008bc0 f   c3_viptraffic_win.obj
 0001:00007d10       c3_b_sf_marshallOut        0000000180008d10 f   c3_viptraffic_win.obj
 0001:00007f00       c3_c_sf_marshallOut        0000000180008f00 f   c3_viptraffic_win.obj
 0001:00007fb0       c3_c_emlrt_marshallIn      0000000180008fb0 f   c3_viptraffic_win.obj
 0001:00008040       c3_b_sf_marshallIn         0000000180009040 f   c3_viptraffic_win.obj
 0001:000080e0       c3_d_sf_marshallOut        00000001800090e0 f   c3_viptraffic_win.obj
 0001:00008210       c3_e_emlrt_marshallIn      0000000180009210 f   c3_viptraffic_win.obj
 0001:00008270       c3_f_emlrt_marshallIn      0000000180009270 f   c3_viptraffic_win.obj
 0001:00008300       init_dsm_address_info      0000000180009300 f   c3_viptraffic_win.obj
 0001:00008310       init_simulink_io_address   0000000180009310 f   c3_viptraffic_win.obj
 0001:00008b60       sf_get_sim_state_info_c3_viptraffic_win 0000000180009b60 f   c3_viptraffic_win.obj
 0001:00008c30       chart_debug_initialization 0000000180009c30 f   c3_viptraffic_win.obj
 0001:00009500       sf_get_instance_specialization 000000018000a500 f   c3_viptraffic_win.obj
 0001:00009510       sf_opaque_initialize_c3_viptraffic_win 000000018000a510 f   c3_viptraffic_win.obj
 0001:00009550       sf_opaque_enable_c3_viptraffic_win 000000018000a550 f   c3_viptraffic_win.obj
 0001:00009570       sf_opaque_disable_c3_viptraffic_win 000000018000a570 f   c3_viptraffic_win.obj
 0001:00009590       sf_opaque_gateway_c3_viptraffic_win 000000018000a590 f   c3_viptraffic_win.obj
 0001:000095b0       sf_opaque_get_sim_state_c3_viptraffic_win 000000018000a5b0 f   c3_viptraffic_win.obj
 0001:00009600       sf_opaque_set_sim_state_c3_viptraffic_win 000000018000a600 f   c3_viptraffic_win.obj
 0001:00009650       sf_opaque_terminate_c3_viptraffic_win 000000018000a650 f   c3_viptraffic_win.obj
 0001:000096f0       sf_opaque_init_subchart_simstructs 000000018000a6f0 f   c3_viptraffic_win.obj
 0001:00009710       mdlProcessParameters_c3_viptraffic_win 000000018000a710 f   c3_viptraffic_win.obj
 0001:000097f0       mdlSetWorkWidths_c3_viptraffic_win 000000018000a7f0 f   c3_viptraffic_win.obj
 0001:00009df0       mdlRTW_c3_viptraffic_win   000000018000adf0 f   c3_viptraffic_win.obj
 0001:00009e30       mdlStart_c3_viptraffic_win 000000018000ae30 f   c3_viptraffic_win.obj
 0001:0000b184       $LN107                     000000018000c184     viptraffic_win_sfun_registry.obj
 0001:0000c4b4       $LN17                      000000018000d4b4     viptraffic_win_sfun_registry.obj
 0001:0000ca3c       $LN26                      000000018000da3c     viptraffic_win_sfun_registry.obj
 0001:0000d124       $LN23                      000000018000e124     viptraffic_win_sfun_registry.obj
 0001:0000d700       $LN26                      000000018000e700     viptraffic_win_sfun_registry.obj
 0001:0000f5c0       sf_debug_api_wrapper       00000001800105c0 f   viptraffic_win_sfun_registry.obj
 0001:0000f610       ProcessMexSfunctionCmdLineCall 0000000180010610 f   viptraffic_win_sfun_registry.obj
 0001:0000f940       getChartInfoFromSimStruct  0000000180010940 f   viptraffic_win_sfun_registry.obj
 0001:0000fa00       mdlSetWorkWidths           0000000180010a00 f   viptraffic_win_sfun_registry.obj
 0001:0000fa30       mdlProcessParameters       0000000180010a30 f   viptraffic_win_sfun_registry.obj
 0001:0000fa60       mdl_start_processing       0000000180010a60 f   viptraffic_win_sfun_registry.obj
 0001:0000fb20       mdl_terminate_processing   0000000180010b20 f   viptraffic_win_sfun_registry.obj
 0001:0000fba0       mdlStart                   0000000180010ba0 f   viptraffic_win_sfun_registry.obj
 0001:0000fbd0       mdlTerminate               0000000180010bd0 f   viptraffic_win_sfun_registry.obj
 0001:0000fc00       mdlInitializeSizes         0000000180010c00 f   viptraffic_win_sfun_registry.obj
 0001:0000fc30       mdlInitializeSampleTimes   0000000180010c30 f   viptraffic_win_sfun_registry.obj
 0001:0000fc60       mdl_outputs_continuous_legacy 0000000180010c60 f   viptraffic_win_sfun_registry.obj
 0001:0000fd60       mdl_outputs_processing     0000000180010d60 f   viptraffic_win_sfun_registry.obj
 0001:0000fe60       mdl_zeroCrossings_processing 0000000180010e60 f   viptraffic_win_sfun_registry.obj
 0001:0000fea0       mdlZeroCrossings           0000000180010ea0 f   viptraffic_win_sfun_registry.obj
 0001:0000fed0       mdl_derivatives_processing 0000000180010ed0 f   viptraffic_win_sfun_registry.obj
 0001:0000ff20       mdlDerivatives             0000000180010f20 f   viptraffic_win_sfun_registry.obj
 0001:0000ff50       mdl_initialize_conditions_processing 0000000180010f50 f   viptraffic_win_sfun_registry.obj
 0001:0000ffa0       mdlInitializeConditions    0000000180010fa0 f   viptraffic_win_sfun_registry.obj
 0001:0000ffd0       mdl_ext_mode_exec_processing 0000000180010fd0 f   viptraffic_win_sfun_registry.obj
 0001:00010010       mdlExtModeExec             0000000180011010 f   viptraffic_win_sfun_registry.obj
 0001:00010040       mdlRTW                     0000000180011040 f   viptraffic_win_sfun_registry.obj
 0001:00010080       mdl_enable_processing      0000000180011080 f   viptraffic_win_sfun_registry.obj
 0001:000100c0       mdlEnable                  00000001800110c0 f   viptraffic_win_sfun_registry.obj
 0001:000100f0       mdl_disable_processing     00000001800110f0 f   viptraffic_win_sfun_registry.obj
 0001:00010130       mdlDisable                 0000000180011130 f   viptraffic_win_sfun_registry.obj
 0001:00010160       mdlOutputs                 0000000180011160 f   viptraffic_win_sfun_registry.obj
 0001:00010330       mdlGetTimeOfNextVarHit     0000000180011330 f   viptraffic_win_sfun_registry.obj
 0001:00010380       _RegNumInputPortsCB        0000000180011380 f   viptraffic_win_sfun_registry.obj
 0001:00010400       _RegNumOutputPortsCB       0000000180011400 f   viptraffic_win_sfun_registry.obj
 0001:00010480       _CreateSimStruct           0000000180011480 f   viptraffic_win_sfun_registry.obj
 0001:00010610       _ssFatalError              0000000180011610 f   viptraffic_win_sfun_registry.obj
 0001:000106c0       _ProcessMexSfunctionCmdLineCall 00000001800116c0 f   viptraffic_win_sfun_registry.obj
 0001:000113e0       $$000000                   00000001800123e0     MSVCRT:amdsecgs.obj
 0001:00011420       $$000000                   0000000180012420     MSVCRT:chkstk.obj
 0001:000114a4       pre_c_init                 00000001800124a4 f   MSVCRT:crtdll.obj
 0001:0001179c       __DllMainCRTStartup        000000018001279c f   MSVCRT:crtdll.obj
 0001:00011cb0       __DllMainCRTStartup$filt$0 0000000180012cb0 f   MSVCRT:crtdll.obj
 0001:00011cd5       __DllMainCRTStartup$fin$1  0000000180012cd5 f   MSVCRT:crtdll.obj
 0001:00011cf0       _IsNonwritableInCurrentImage$filt$0 0000000180012cf0 f   MSVCRT:pesect.obj
 0001:00011d10       _onexit$fin$0              0000000180012d10 f   MSVCRT:atonexit.obj
 0002:000004a0       pcinit                     00000001800134a0     MSVCRT:crtdll.obj
 0002:000004a8       pinit                      00000001800134a8     MSVCRT:atonexit.obj
 0002:00000b90       GS_ExceptionPointers       0000000180013b90     MSVCRT:gs_report.obj
 0002:00000c60       $unwind$load_viptraffic_win_optimization_info 0000000180013c60     viptraffic_win_sfun.obj
 0002:00000c68       $unwind$unload_viptraffic_win_optimization_info 0000000180013c68     viptraffic_win_sfun.obj
 0002:00000c70       $unwind$sf_viptraffic_win_method_dispatcher 0000000180013c70     viptraffic_win_sfun.obj
 0002:00000c78       $unwind$sf_viptraffic_win_uses_exported_functions 0000000180013c78     viptraffic_win_sfun.obj
 0002:00000c80       $unwind$sf_viptraffic_win_process_check_sum_call 0000000180013c80     viptraffic_win_sfun.obj
 0002:00000c90       $unwind$sf_viptraffic_win_autoinheritance_info 0000000180013c90     viptraffic_win_sfun.obj
 0002:00000ca0       $unwind$sf_viptraffic_win_get_eml_resolved_functions_info 0000000180013ca0     viptraffic_win_sfun.obj
 0002:00000cb0       $unwind$sf_viptraffic_win_third_party_uses_info 0000000180013cb0     viptraffic_win_sfun.obj
 0002:00000cc0       $unwind$sf_viptraffic_win_jit_fallback_info 0000000180013cc0     viptraffic_win_sfun.obj
 0002:00000cd0       $unwind$sf_viptraffic_win_updateBuildInfo_args_info 0000000180013cd0     viptraffic_win_sfun.obj
 0002:00000ce0       $unwind$sf_viptraffic_win_get_post_codegen_info 0000000180013ce0     viptraffic_win_sfun.obj
 0002:00000cf0       $unwind$viptraffic_win_debug_initialize 0000000180013cf0     viptraffic_win_sfun.obj
 0002:00000cf8       $unwind$sf_c2_viptraffic_win_get_eml_resolved_functions_info 0000000180013cf8     c2_viptraffic_win.obj
 0002:00000d00       $unwind$sf_c2_viptraffic_win_get_check_sum 0000000180013d00     c2_viptraffic_win.obj
 0002:00000d08       $unwind$c2_viptraffic_win_method_dispatcher 0000000180013d08     c2_viptraffic_win.obj
 0002:00000d10       $unwind$initialize_c2_viptraffic_win 0000000180013d10     c2_viptraffic_win.obj
 0002:00000d18       $unwind$initialize_params_c2_viptraffic_win 0000000180013d18     c2_viptraffic_win.obj
 0002:00000d20       $unwind$enable_c2_viptraffic_win 0000000180013d20     c2_viptraffic_win.obj
 0002:00000d28       $unwind$disable_c2_viptraffic_win 0000000180013d28     c2_viptraffic_win.obj
 0002:00000d30       $unwind$get_sim_state_c2_viptraffic_win 0000000180013d30     c2_viptraffic_win.obj
 0002:00000d40       $unwind$set_sim_state_c2_viptraffic_win 0000000180013d40     c2_viptraffic_win.obj
 0002:00000d50       $unwind$sf_gateway_c2_viptraffic_win 0000000180013d50     c2_viptraffic_win.obj
 0002:00000d60       $unwind$c2_sf_marshallOut  0000000180013d60     c2_viptraffic_win.obj
 0002:00000d70       $unwind$c2_emlrt_marshallIn 0000000180013d70     c2_viptraffic_win.obj
 0002:00000d78       $unwind$c2_b_emlrt_marshallIn 0000000180013d78     c2_viptraffic_win.obj
 0002:00000d88       $unwind$c2_sf_marshallIn   0000000180013d88     c2_viptraffic_win.obj
 0002:00000d98       $unwind$c2_b_sf_marshallOut 0000000180013d98     c2_viptraffic_win.obj
 0002:00000da0       $unwind$c2_c_emlrt_marshallIn 0000000180013da0     c2_viptraffic_win.obj
 0002:00000da8       $unwind$c2_b_sf_marshallIn 0000000180013da8     c2_viptraffic_win.obj
 0002:00000db0       $unwind$c2_c_sf_marshallOut 0000000180013db0     c2_viptraffic_win.obj
 0002:00000dc0       $unwind$c2_d_emlrt_marshallIn 0000000180013dc0     c2_viptraffic_win.obj
 0002:00000dd0       $unwind$c2_c_sf_marshallIn 0000000180013dd0     c2_viptraffic_win.obj
 0002:00000de0       $unwind$c2_d_sf_marshallOut 0000000180013de0     c2_viptraffic_win.obj
 0002:00000de8       $unwind$c2_e_emlrt_marshallIn 0000000180013de8     c2_viptraffic_win.obj
 0002:00000df0       $unwind$c2_d_sf_marshallIn 0000000180013df0     c2_viptraffic_win.obj
 0002:00000df8       $unwind$c2_repmat          0000000180013df8     c2_viptraffic_win.obj
 0002:00000e08       $unwind$c2_eml_assert_valid_size_arg 0000000180013e08     c2_viptraffic_win.obj
 0002:00000e18       $unwind$c2_g_emlrt_marshallIn 0000000180013e18     c2_viptraffic_win.obj
 0002:00000e20       $unwind$c2_h_emlrt_marshallIn 0000000180013e20     c2_viptraffic_win.obj
 0002:00000e28       $unwind$init_simulink_io_address 0000000180013e28     c2_viptraffic_win.obj
 0002:00000e30       $unwind$sf_c2_viptraffic_win_get_post_codegen_info 0000000180013e30     c2_viptraffic_win.obj
 0002:00000e38       $unwind$sf_c2_viptraffic_win_get_autoinheritance_info 0000000180013e38     c2_viptraffic_win.obj
 0002:00000e40       $unwind$sf_c2_viptraffic_win_third_party_uses_info 0000000180013e40     c2_viptraffic_win.obj
 0002:00000e48       $unwind$sf_c2_viptraffic_win_jit_fallback_info 0000000180013e48     c2_viptraffic_win.obj
 0002:00000e50       $unwind$sf_c2_viptraffic_win_updateBuildInfo_args_info 0000000180013e50     c2_viptraffic_win.obj
 0002:00000e58       $unwind$sf_get_sim_state_info_c2_viptraffic_win 0000000180013e58     c2_viptraffic_win.obj
 0002:00000e60       $unwind$chart_debug_initialization 0000000180013e60     c2_viptraffic_win.obj
 0002:00000e68       $unwind$sf_opaque_initialize_c2_viptraffic_win 0000000180013e68     c2_viptraffic_win.obj
 0002:00000e70       $unwind$sf_opaque_enable_c2_viptraffic_win 0000000180013e70     c2_viptraffic_win.obj
[...]
 0004:00000144       $pdata$c2_c_emlrt_marshallIn 0000000180019144     c2_viptraffic_win.obj
 0004:00000150       $pdata$c2_b_sf_marshallIn  0000000180019150     c2_viptraffic_win.obj
 0004:0000015c       $pdata$c2_c_sf_marshallOut 000000018001915c     c2_viptraffic_win.obj
 0004:00000168       $pdata$c2_d_emlrt_marshallIn 0000000180019168     c2_viptraffic_win.obj
 0004:00000174       $pdata$c2_c_sf_marshallIn  0000000180019174     c2_viptraffic_win.obj
 0004:00000180       $pdata$c2_d_sf_marshallOut 0000000180019180     c2_viptraffic_win.obj
 0004:0000018c       $pdata$c2_e_emlrt_marshallIn 000000018001918c     c2_viptraffic_win.obj
 0004:00000198       $pdata$c2_d_sf_marshallIn  0000000180019198     c2_viptraffic_win.obj
 0004:000001a4       $pdata$c2_repmat           00000001800191a4     c2_viptraffic_win.obj
 0004:000001b0       $pdata$c2_eml_assert_valid_size_arg 00000001800191b0     c2_viptraffic_win.obj
 0004:000001bc       $pdata$c2_g_emlrt_marshallIn 00000001800191bc     c2_viptraffic_win.obj
 0004:000001c8       $pdata$c2_h_emlrt_marshallIn 00000001800191c8     c2_viptraffic_win.obj
 0004:000001d4       $pdata$init_simulink_io_address 00000001800191d4     c2_viptraffic_win.obj
 0004:000001e0       $pdata$sf_c2_viptraffic_win_get_post_codegen_info 00000001800191e0     c2_viptraffic_win.obj
 0004:000001ec       $pdata$sf_c2_viptraffic_win_get_autoinheritance_info 00000001800191ec     c2_viptraffic_win.obj
 0004:000001f8       $pdata$sf_c2_viptraffic_win_third_party_uses_info 00000001800191f8     c2_viptraffic_win.obj
 0004:00000204       $pdata$sf_c2_viptraffic_win_jit_fallback_info 0000000180019204     c2_viptraffic_win.obj
 0004:00000210       $pdata$sf_c2_viptraffic_win_updateBuildInfo_args_info 0000000180019210     c2_viptraffic_win.obj
 0004:0000021c       $pdata$sf_get_sim_state_info_c2_viptraffic_win 000000018001921c     c2_viptraffic_win.obj
 0004:00000228       $pdata$chart_debug_initialization 0000000180019228     c2_viptraffic_win.obj
 0004:00000234       $pdata$sf_opaque_initialize_c2_viptraffic_win 0000000180019234     c2_viptraffic_win.obj
 0004:00000240       $pdata$sf_opaque_enable_c2_viptraffic_win 0000000180019240     c2_viptraffic_win.obj
 0004:0000024c       $pdata$sf_opaque_disable_c2_viptraffic_win 000000018001924c     c2_viptraffic_win.obj
 0004:00000258       $pdata$sf_opaque_gateway_c2_viptraffic_win 0000000180019258     c2_viptraffic_win.obj
 0004:00000264       $pdata$sf_opaque_get_sim_state_c2_viptraffic_win 0000000180019264     c2_viptraffic_win.obj
 0004:00000270       $pdata$sf_opaque_set_sim_state_c2_viptraffic_win 0000000180019270     c2_viptraffic_win.obj
 0004:0000027c       $pdata$sf_opaque_terminate_c2_viptraffic_win 000000018001927c     c2_viptraffic_win.obj
 0004:00000288       $pdata$sf_opaque_init_subchart_simstructs 0000000180019288     c2_viptraffic_win.obj
 0004:00000294       $pdata$mdlProcessParameters_c2_viptraffic_win 0000000180019294     c2_viptraffic_win.obj
 0004:000002a0       $pdata$mdlSetWorkWidths_c2_viptraffic_win 00000001800192a0     c2_viptraffic_win.obj
 0004:000002ac       $pdata$mdlRTW_c2_viptraffic_win 00000001800192ac     c2_viptraffic_win.obj
 0004:000002b8       $pdata$mdlStart_c2_viptraffic_win 00000001800192b8     c2_viptraffic_win.obj
 0004:000002c4       $pdata$sf_c3_viptraffic_win_get_eml_resolved_functions_info 00000001800192c4     c3_viptraffic_win.obj
 0004:000002d0       $pdata$sf_c3_viptraffic_win_get_check_sum 00000001800192d0     c3_viptraffic_win.obj
 0004:000002dc       $pdata$c3_viptraffic_win_method_dispatcher 00000001800192dc     c3_viptraffic_win.obj
 0004:000002e8       $pdata$initialize_c3_viptraffic_win 00000001800192e8     c3_viptraffic_win.obj
 0004:000002f4       $pdata$initialize_params_c3_viptraffic_win 00000001800192f4     c3_viptraffic_win.obj
 0004:00000300       $pdata$enable_c3_viptraffic_win 0000000180019300     c3_viptraffic_win.obj
 0004:0000030c       $pdata$disable_c3_viptraffic_win 000000018001930c     c3_viptraffic_win.obj
 0004:00000318       $pdata$get_sim_state_c3_viptraffic_win 0000000180019318     c3_viptraffic_win.obj
 0004:00000324       $pdata$set_sim_state_c3_viptraffic_win 0000000180019324     c3_viptraffic_win.obj
 0004:00000330       $pdata$sf_gateway_c3_viptraffic_win 0000000180019330     c3_viptraffic_win.obj
 0004:0000033c       $pdata$c3_sf_marshallOut   000000018001933c     c3_viptraffic_win.obj
 0004:00000348       $pdata$c3_emlrt_marshallIn 0000000180019348     c3_viptraffic_win.obj
 0004:00000354       $pdata$c3_b_emlrt_marshallIn 0000000180019354     c3_viptraffic_win.obj
 0004:00000360       $pdata$c3_sf_marshallIn    0000000180019360     c3_viptraffic_win.obj
 0004:0000036c       $pdata$c3_b_sf_marshallOut 000000018001936c     c3_viptraffic_win.obj
 0004:00000378       $pdata$c3_c_sf_marshallOut 0000000180019378     c3_viptraffic_win.obj
 0004:00000384       $pdata$c3_c_emlrt_marshallIn 0000000180019384     c3_viptraffic_win.obj
 0004:00000390       $pdata$c3_b_sf_marshallIn  0000000180019390     c3_viptraffic_win.obj
 0004:0000039c       $pdata$c3_d_sf_marshallOut 000000018001939c     c3_viptraffic_win.obj
 0004:000003a8       $pdata$c3_e_emlrt_marshallIn 00000001800193a8     c3_viptraffic_win.obj
 0004:000003b4       $pdata$c3_f_emlrt_marshallIn 00000001800193b4     c3_viptraffic_win.obj
 0004:000003c0       $pdata$init_simulink_io_address 00000001800193c0     c3_viptraffic_win.obj
 0004:000003cc       $pdata$sf_c3_viptraffic_win_get_post_codegen_info 00000001800193cc     c3_viptraffic_win.obj
 0004:000003d8       $pdata$sf_c3_viptraffic_win_get_autoinheritance_info 00000001800193d8     c3_viptraffic_win.obj
 0004:000003e4       $pdata$sf_c3_viptraffic_win_third_party_uses_info 00000001800193e4     c3_viptraffic_win.obj
 0004:000003f0       $pdata$sf_c3_viptraffic_win_jit_fallback_info 00000001800193f0     c3_viptraffic_win.obj
 0004:000003fc       $pdata$sf_c3_viptraffic_win_updateBuildInfo_args_info 00000001800193fc     c3_viptraffic_win.obj
 0004:00000408       $pdata$sf_get_sim_state_info_c3_viptraffic_win 0000000180019408     c3_viptraffic_win.obj
 0004:00000414       $pdata$chart_debug_initialization 0000000180019414     c3_viptraffic_win.obj
 0004:00000420       $pdata$sf_opaque_initialize_c3_viptraffic_win 0000000180019420     c3_viptraffic_win.obj
 0004:0000042c       $pdata$sf_opaque_enable_c3_viptraffic_win 000000018001942c     c3_viptraffic_win.obj
 0004:00000438       $pdata$sf_opaque_disable_c3_viptraffic_win 0000000180019438     c3_viptraffic_win.obj
 0004:00000444       $pdata$sf_opaque_gateway_c3_viptraffic_win 0000000180019444     c3_viptraffic_win.obj
 0004:00000450       $pdata$sf_opaque_get_sim_state_c3_viptraffic_win 0000000180019450     c3_viptraffic_win.obj
 0004:0000045c       $pdata$sf_opaque_set_sim_state_c3_viptraffic_win 000000018001945c     c3_viptraffic_win.obj
 0004:00000468       $pdata$sf_opaque_terminate_c3_viptraffic_win 0000000180019468     c3_viptraffic_win.obj
 0004:00000474       $pdata$sf_opaque_init_subchart_simstructs 0000000180019474     c3_viptraffic_win.obj
 0004:00000480       $pdata$mdlProcessParameters_c3_viptraffic_win 0000000180019480     c3_viptraffic_win.obj
 0004:0000048c       $pdata$mdlSetWorkWidths_c3_viptraffic_win 000000018001948c     c3_viptraffic_win.obj
 0004:00000498       $pdata$mdlRTW_c3_viptraffic_win 0000000180019498     c3_viptraffic_win.obj
 0004:000004a4       $pdata$mdlStart_c3_viptraffic_win 00000001800194a4     c3_viptraffic_win.obj
 0004:000004b0       $pdata$mexFunction         00000001800194b0     viptraffic_win_sfun_registry.obj
 0004:000004bc       $pdata$_ssSetInputPortDirectFeedThroughFcn 00000001800194bc     viptraffic_win_sfun_registry.obj
 0004:000004c8       $pdata$_ssGetInputPortSignalPtrsFcn 00000001800194c8     viptraffic_win_sfun_registry.obj
 0004:000004d4       $pdata$_ssGetInputPortSignalFcn 00000001800194d4     viptraffic_win_sfun_registry.obj
 0004:000004e0       $pdata$_ssSetInputPortReusableFcn 00000001800194e0     viptraffic_win_sfun_registry.obj
 0004:000004ec       $pdata$_ssSetOutputPortReusableFcn 00000001800194ec     viptraffic_win_sfun_registry.obj
 0004:000004f8       $pdata$ssGetIsZeroCrossControlDisabled 00000001800194f8     viptraffic_win_sfun_registry.obj
 0004:00000504       $pdata$ssSetIsInputPortUsedForContZcSignal 0000000180019504     viptraffic_win_sfun_registry.obj
 0004:00000510       $pdata$ssSetZcSignalIsZcElementDisc 0000000180019510     viptraffic_win_sfun_registry.obj
 0004:0000051c       $pdata$ssSetZcSignalName   000000018001951c     viptraffic_win_sfun_registry.obj
 0004:00000528       $pdata$ssSetZcSignalWidth  0000000180019528     viptraffic_win_sfun_registry.obj
 0004:00000534       $pdata$ssSetZcSignalZcEventType 0000000180019534     viptraffic_win_sfun_registry.obj
 0004:00000540       $pdata$ssSetZcSignalType   0000000180019540     viptraffic_win_sfun_registry.obj
 0004:0000054c       $pdata$ssSetZcSignalZcTol  000000018001954c     viptraffic_win_sfun_registry.obj
 0004:00000558       $pdata$ssSetZcSignalNeedsEventNotification 0000000180019558     viptraffic_win_sfun_registry.obj
 0004:00000564       $pdata$ssCreateAndAddZcSignalInfo 0000000180019564     viptraffic_win_sfun_registry.obj
 0004:00000570       $pdata$ssCloneAndAddZcSignalInfo 0000000180019570     viptraffic_win_sfun_registry.obj
 0004:0000057c       $pdata$ssGetNumZcSignals   000000018001957c     viptraffic_win_sfun_registry.obj
 0004:00000588       $pdata$ssGetZcSignalVector 0000000180019588     viptraffic_win_sfun_registry.obj
 0004:00000594       $pdata$ssGetZcSignalName   0000000180019594     viptraffic_win_sfun_registry.obj
 0004:000005a0       $pdata$ssGetZcSignalWidth  00000001800195a0     viptraffic_win_sfun_registry.obj
 0004:000005ac       $pdata$ssGetZcSignalZcEventType 00000001800195ac     viptraffic_win_sfun_registry.obj
 0004:000005b8       $pdata$ssGetZcSignalZcEvents 00000001800195b8     viptraffic_win_sfun_registry.obj
 0004:000005c4       $pdata$ssGetZcSignalType   00000001800195c4     viptraffic_win_sfun_registry.obj
 0004:000005d0       $pdata$ssGetZcSignalZcTol  00000001800195d0     viptraffic_win_sfun_registry.obj
 0004:000005dc       $pdata$ssGetZcSignalNeedsEventNotification 00000001800195dc     viptraffic_win_sfun_registry.obj
 0004:000005e8       $pdata$ssGetZcSignalIsZcElementDisc 00000001800195e8     viptraffic_win_sfun_registry.obj
 0004:000005f4       $pdata$ssGetIsInputPortElementContinuous 00000001800195f4     viptraffic_win_sfun_registry.obj
 0004:00000600       $pdata$ssGetDTypeIdFromMxArray 0000000180019600     viptraffic_win_sfun_registry.obj
 0004:0000060c       $pdata$ssWriteRTWStr       000000018001960c     viptraffic_win_sfun_registry.obj
 0004:00000618       $pdata$ssWriteRTWNameValuePair 0000000180019618     viptraffic_win_sfun_registry.obj
 0004:00000624       $pdata$ssWriteRTWParamSettings 0000000180019624     viptraffic_win_sfun_registry.obj
 0004:00000630       $pdata$ssWriteRTWParameters 0000000180019630     viptraffic_win_sfun_registry.obj
 0004:0000063c       $pdata$ssWriteRTWWorkVect  000000018001963c     viptraffic_win_sfun_registry.obj
 0004:00000648       $pdata$ssWriteRTWMxVectParam 0000000180019648     viptraffic_win_sfun_registry.obj
 0004:00000654       $pdata$ssWriteRTWMx2dMatParam 0000000180019654     viptraffic_win_sfun_registry.obj
 0004:00000660       $pdata$_ssSetInputPortMatrixDimensions 0000000180019660     viptraffic_win_sfun_registry.obj
 0004:0000066c       $pdata$_ssSetOutputPortMatrixDimensions 000000018001966c     viptraffic_win_sfun_registry.obj
 0004:00000678       $pdata$_ssSetInputPortVectorDimension 0000000180019678     viptraffic_win_sfun_registry.obj
 0004:00000684       $pdata$_ssSetOutputPortVectorDimension 0000000180019684     viptraffic_win_sfun_registry.obj
 0004:00000690       $pdata$ssIsRunTimeParamTunable 0000000180019690     viptraffic_win_sfun_registry.obj
 0004:0000069c       $pdata$ssGetSFuncBlockHandle 000000018001969c     viptraffic_win_sfun_registry.obj
 0004:000006a8       $pdata$_ssGetCurrentInputPortWidth 00000001800196a8     viptraffic_win_sfun_registry.obj
 0004:000006b4       $pdata$_ssGetCurrentOutputPortWidth 00000001800196b4     viptraffic_win_sfun_registry.obj
 0004:000006c0       $pdata$_ssGetCallSystemNumFcnCallDestinations 00000001800196c0     viptraffic_win_sfun_registry.obj
 0004:000006cc       $pdata$ssWarning           00000001800196cc     viptraffic_win_sfun_registry.obj
 0004:000006d8       $pdata$_ssGetAbsTol        00000001800196d8     viptraffic_win_sfun_registry.obj
 0004:000006e4       $pdata$sf_process_check_sum_call 00000001800196e4     viptraffic_win_sfun_registry.obj
 0004:000006f0       $pdata$sf_process_machine_uses_exported_functions_call 00000001800196f0     viptraffic_win_sfun_registry.obj
 0004:000006fc       $pdata$sf_process_autoinheritance_call 00000001800196fc     viptraffic_win_sfun_registry.obj
 0004:00000708       $pdata$sf_process_get_third_party_uses_info_call 0000000180019708     viptraffic_win_sfun_registry.obj
 0004:00000714       $pdata$sf_process_get_jit_fallback_info_call 0000000180019714     viptraffic_win_sfun_registry.obj
 0004:00000720       $pdata$sf_process_get_updateBuildInfo_args_info_call 0000000180019720     viptraffic_win_sfun_registry.obj
 0004:0000072c       $pdata$sf_process_get_eml_resolved_functions_info_call 000000018001972c     viptraffic_win_sfun_registry.obj
 0004:00000738       $pdata$sf_process_get_post_codegen_info 0000000180019738     viptraffic_win_sfun_registry.obj
 0004:00000744       $pdata$sf_mex_unlock_call  0000000180019744     viptraffic_win_sfun_registry.obj
 0004:00000750       $pdata$sf_debug_api_wrapper 0000000180019750     viptraffic_win_sfun_registry.obj
 0004:0000075c       $pdata$ProcessMexSfunctionCmdLineCall 000000018001975c     viptraffic_win_sfun_registry.obj
 0004:00000768       $pdata$sf_machine_global_initializer_called 0000000180019768     viptraffic_win_sfun_registry.obj
 0004:00000774       $pdata$sf_machine_global_method_dispatcher 0000000180019774     viptraffic_win_sfun_registry.obj
 0004:00000780       $pdata$sf_machine_global_terminator 0000000180019780     viptraffic_win_sfun_registry.obj
 0004:0000078c       $pdata$sf_register_machine_exported_symbols 000000018001978c     viptraffic_win_sfun_registry.obj
 0004:00000798       $pdata$sf_machine_global_initializer 0000000180019798     viptraffic_win_sfun_registry.obj
 0004:000007a4       $pdata$getChartInfoFromSimStruct 00000001800197a4     viptraffic_win_sfun_registry.obj
 0004:000007b0       $pdata$mdlGetSimState      00000001800197b0     viptraffic_win_sfun_registry.obj
 0004:000007bc       $pdata$mdlSetSimState      00000001800197bc     viptraffic_win_sfun_registry.obj
 0004:000007c8       $pdata$mdlSetWorkWidths    00000001800197c8     viptraffic_win_sfun_registry.obj
 0004:000007d4       $pdata$mdlProcessParameters 00000001800197d4     viptraffic_win_sfun_registry.obj
 0004:000007e0       $pdata$mdl_start_processing 00000001800197e0     viptraffic_win_sfun_registry.obj
 0004:000007ec       $pdata$mdl_terminate_processing 00000001800197ec     viptraffic_win_sfun_registry.obj
 0004:000007f8       $pdata$mdlStart            00000001800197f8     viptraffic_win_sfun_registry.obj
 0004:00000804       $pdata$mdlTerminate        0000000180019804     viptraffic_win_sfun_registry.obj
 0004:00000810       $pdata$mdlInitializeSizes  0000000180019810     viptraffic_win_sfun_registry.obj
 0004:0000081c       $pdata$mdlInitializeSampleTimes 000000018001981c     viptraffic_win_sfun_registry.obj
 0004:00000828       $pdata$mdl_outputs_continuous_legacy 0000000180019828     viptraffic_win_sfun_registry.obj
 0004:00000834       $pdata$mdl_outputs_processing 0000000180019834     viptraffic_win_sfun_registry.obj
 0004:00000840       $pdata$mdl_zeroCrossings_processing 0000000180019840     viptraffic_win_sfun_registry.obj
 0004:0000084c       $pdata$mdlZeroCrossings    000000018001984c     viptraffic_win_sfun_registry.obj
 0004:00000858       $pdata$mdl_derivatives_processing 0000000180019858     viptraffic_win_sfun_registry.obj
 0004:00000864       $pdata$mdlDerivatives      0000000180019864     viptraffic_win_sfun_registry.obj
 0004:00000870       $pdata$mdl_initialize_conditions_processing 0000000180019870     viptraffic_win_sfun_registry.obj
 0004:0000087c       $pdata$mdlInitializeConditions 000000018001987c     viptraffic_win_sfun_registry.obj
 0004:00000888       $pdata$mdl_ext_mode_exec_processing 0000000180019888     viptraffic_win_sfun_registry.obj
 0004:00000894       $pdata$mdlExtModeExec      0000000180019894     viptraffic_win_sfun_registry.obj
 0004:000008a0       $pdata$mdlRTW              00000001800198a0     viptraffic_win_sfun_registry.obj
 0004:000008ac       $pdata$mdl_enable_processing 00000001800198ac     viptraffic_win_sfun_registry.obj
 0004:000008b8       $pdata$mdlEnable           00000001800198b8     viptraffic_win_sfun_registry.obj
 0004:000008c4       $pdata$mdl_disable_processing 00000001800198c4     viptraffic_win_sfun_registry.obj
 0004:000008d0       $pdata$mdlDisable          00000001800198d0     viptraffic_win_sfun_registry.obj
 0004:000008dc       $pdata$mdlOutputs          00000001800198dc     viptraffic_win_sfun_registry.obj
 0004:000008e8       $pdata$ProcessMexSfunctionEveryCall 00000001800198e8     viptraffic_win_sfun_registry.obj
 0004:000008f4       $pdata$_RegNumInputPortsCB 00000001800198f4     viptraffic_win_sfun_registry.obj
 0004:00000900       $pdata$_RegNumOutputPortsCB 0000000180019900     viptraffic_win_sfun_registry.obj
 0004:0000090c       $pdata$_CreateSimStruct    000000018001990c     viptraffic_win_sfun_registry.obj
 0004:00000918       $pdata$_ssFatalError       0000000180019918     viptraffic_win_sfun_registry.obj
 0004:00000924       $pdata$_ProcessMexSfunctionCmdLineCall 0000000180019924     viptraffic_win_sfun_registry.obj
 0004:00000930       $pdata$__raise_securityfailure 0000000180019930     MSVCRT:gs_report.obj
 0004:0000093c       $pdata$__report_gsfailure  000000018001993c     MSVCRT:gs_report.obj
 0004:00000948       $pdata$__report_rangecheckfailure 0000000180019948     MSVCRT:gs_report.obj
 0004:00000954       $pdata$__report_securityfailure 0000000180019954     MSVCRT:gs_report.obj
 0004:00000960       $pdata$__report_securityfailureEx 0000000180019960     MSVCRT:gs_report.obj
 0004:0000096c       $pdata$__GSHandlerCheck    000000018001996c     MSVCRT:gshandler.obj
 0004:00000978       $pdata$__GSHandlerCheckCommon 0000000180019978     MSVCRT:gshandler.obj
 0004:0000099c       $pdata$pre_c_init          000000018001999c     MSVCRT:crtdll.obj
 0004:000009a8       $pdata$_CRT_INIT           00000001800199a8     MSVCRT:crtdll.obj
 0004:000009b4       $pdata$_DllMainCRTStartup  00000001800199b4     MSVCRT:crtdll.obj
 0004:000009c0       $pdata$__DllMainCRTStartup 00000001800199c0     MSVCRT:crtdll.obj
 0004:000009cc       $pdata$_IsNonwritableInCurrentImage 00000001800199cc     MSVCRT:pesect.obj
 0004:000009d8       $pdata$__atonexitinit      00000001800199d8     MSVCRT:atonexit.obj
 0004:000009e4       $pdata$_onexit             00000001800199e4     MSVCRT:atonexit.obj
 0004:000009f0       $pdata$atexit              00000001800199f0     MSVCRT:atonexit.obj
 0004:000009fc       $pdata$__security_init_cookie 00000001800199fc     MSVCRT:gs_support.obj
 0004:00000a08       $pdata$DllMain             0000000180019a08     MSVCRT:dllmain.obj
 0004:00000a14       $pdata$_RTC_Initialize     0000000180019a14     MSVCRT:initsect.obj
 0004:00000a20       $pdata$_RTC_Terminate      0000000180019a20     MSVCRT:initsect.obj
 0004:00000a2c       $pdata$__DllMainCRTStartup$filt$0 0000000180019a2c     MSVCRT:crtdll.obj
 0004:00000a38       $pdata$__DllMainCRTStartup$fin$1 0000000180019a38     MSVCRT:crtdll.obj
 0004:00000a44       $pdata$_IsNonwritableInCurrentImage$filt$0 0000000180019a44     MSVCRT:pesect.obj
 0004:00000a50       $pdata$_onexit$fin$0       0000000180019a50     MSVCRT:atonexit.obj
